[digits.com/index.html]
[backblue.gif]
[fade.gif]
[index.html]
[www.googletagmanager.com/gtm55aa.js]
[ram.digitscpu.com/_astro-assets/booked.0_EVPCIz.css]
[ram.digitscpu.com/_astro-assets/index.BW-MCg4d.css]
[ram.digitscpu.com/_astro-assets/index.CGhjID6V.css]
[ram.digitscpu.com/_astro-assets/_slug_.JmnZcPdZ.css]
[ram.digitscpu.com/_astro-assets/component-library.JwKRlfro.css]
[ram.digitscpu.com/_astro-assets/_slug_.BMK2fe_p.css]
[ram.digitscpu.com/_astro-assets/_slug_.qPFyvrl0.css]
[ram.digitscpu.com/_astro-assets/_slug_.C2iB4JcZ.css]
[ram.digitscpu.com/_astro-assets/index.C-na2DEE.css]
[ram.digitscpu.com/_astro-assets/_slug_.CLGFpSjd.css]
[ram.digitscpu.com/_astro-assets/_slug_.BCOt1NAM.css]
[ram.digitscpu.com/_astro-assets/index.CGiEcBiJ.css]
[ram.digitscpu.com/_astro-assets/component-library.BGhx_IQW.css]
[ram.digitscpu.com/_astro-assets/_slug_.Ctc1eOEO.css]
[ram.digitscpu.com/_astro-assets/component-library.-hzYtEr1.css]
[ram.digitscpu.com/_astro-assets/page.DeRjBIrH.js]
[digits.com/sitemap.xml]
[digits.com/favicon/favicon-32.png]
[digits.com/favicon/favicon5e1f.ico]
[digits.com/favicon/favicon-64.png]
[digits.com/favicon/favicon-128.png]
[digits.com/favicon/favicon-256.png]
[digits.com/favicon/favicon-512.png]
[digits.com/favicon/favicon-1024.png]
[digits.com/favicon/favicon5e1f.svg]
[digits.com/favicon/favicon-180x1805e1f.png]
[digits.com/favicon/manifest.json]
[digits.com/blog/rss.xml]
[digits.com/between-two-founders/rss.xml]
[digits.com/customers/rss.xml]
[digits.com/ai-native-accounting/rss.xml]
[digits.com/llms.txt]
[ram.digitscpu.com/_astro-assets/HeadTags.astro_astro_type_script_index_0_lang.BrVAIR5Q.js]
[ram.digitscpu.com/_astro-assets/Header.astro_astro_type_script_index_1_lang.CuY9SSl3.js]
[digits.com/blog/announcing-ask-digits/index.html]
[digits.com/security/index.html]
[ram.digitscpu.com/_astro-assets/home-slide-2.CTT3AGdN_25whUn.png]
[digits.com/agl/index.html]
[digits.com/api/index.html]
[digits.com/integrations/index.html]
[digits.com/product/ask-digits/index.html]
[ram.digitscpu.com/_astro-assets/inbox-slide-2.BYe7mRZJ_Z1Fo0Dr.png]
[digits.com/product/month-end-close/index.html]
[digits.com/product/bookkeeping/index.html]
[digits.com/product/dashboards/index.html]
[digits.com/product/financials/index.html]
[ram.digitscpu.com/_astro-assets/banks-slide-2.Bu2gdG6S_2oTPOr.png]
[digits.com/product/bill-pay/index.html]
[digits.com/product/invoicing/index.html]
[digits.com/accountants/index.html]
[digits.com/blog/index.html]
[ram.digitscpu.com/_astro-assets/bills-slide-2.GgiNZVtx_ZmThkt.png]
[digits.com/ai-native-accounting/index.html]
[digits.com/customers/index.html]
[digits.com/between-two-founders/index.html]
[digits.com/pricing/index.html]
[ram.digitscpu.com/_astro-assets/invoices-slide-2.CE6_7oVm_1Lrd5h.png]
[ram.digitscpu.com/_astro-assets/vendors-slide-2.CjZiueZt_1JSA8l.png]
[ram.digitscpu.com/_astro-assets/customers-slide-2.BeYiU-pq_Z10NudY.png]
[ram.digitscpu.com/_astro-assets/financials-slide-2.NgB2xlBN_Z1aadl.png]
[ram.digitscpu.com/_astro-assets/reports-slide-2.BwLXqcsW_1utK8q.png]
[ram.digitscpu.com/_astro-assets/ledger-slide-2.Coet9pPg_uhjYI.png]
[ram.digitscpu.com/_astro-assets/reconciliations-slide-2.Ca6KPkSf_XW8Ld.png]
[ram.digitscpu.com/_astro-assets/documents-slide-2.Dh2-U-Jm_9EViW.png]
[ram.digitscpu.com/_astro-assets/connections-slide-2.C1PeN2Yb_1QqAIs.png]
[ram.digitscpu.com/_astro-assets/ConsoleDemo.astro_astro_type_script_index_0_lang.DrPukiSz.js]
[ram.digitscpu.com/_astro-assets/accend.CzWKCwmK_Zg3qW5.png]
[ram.digitscpu.com/_astro-assets/acru.B6qpbegK_Z1qUaXE.png]
[ram.digitscpu.com/_astro-assets/audiohook.1HtBVP3v_ZlyE1I.png]
[ram.digitscpu.com/_astro-assets/barbarians.CLaZR9_n_Z2sWA2W.png]
[ram.digitscpu.com/_astro-assets/between-names.BbFHK4th_1pw0mt.png]
[ram.digitscpu.com/_astro-assets/carrot.C8q6NU8F_Z1IWIwM.png]
[ram.digitscpu.com/_astro-assets/clearvue-strategies.CW5RqZjl_ZjNrvQ.png]
[ram.digitscpu.com/_astro-assets/coastal-cfo-advisors.CosWJgc-_Z15jbvv.png]
[ram.digitscpu.com/_astro-assets/dariba.DAJ4yHx6_usQiw.png]
[ram.digitscpu.com/_astro-assets/finch.Ch77fcH0_1fqhV1.png]
[ram.digitscpu.com/_astro-assets/fry.DkCgs65g_2gfCVK.png]
[ram.digitscpu.com/_astro-assets/fun-xyz.CZknoeqM_Z1vC6jB.png]
[ram.digitscpu.com/_astro-assets/gather.CS6aEUBR_ZQHohj.png]
[ram.digitscpu.com/_astro-assets/j-coleman-consulting.CY9cZ_QQ_23w6q6.png]
[ram.digitscpu.com/_astro-assets/karat.QC6EypfC_Z1uiYF9.png]
[ram.digitscpu.com/_astro-assets/karmel-capital.CjIgWiRs_1jXLe2.png]
[ram.digitscpu.com/_astro-assets/mana.Chu4ceLx_Z2qrngy.png]
[ram.digitscpu.com/_astro-assets/momentum-accounting.uvMhHsbz_Z1qccAB.png]
[ram.digitscpu.com/_astro-assets/primetrics.CCTtKTGf_Z1MeMXx.png]
[ram.digitscpu.com/_astro-assets/mural.Ccc-3x67_2bax40.png]
[ram.digitscpu.com/_astro-assets/nourish.BruUvoES_Z2pOPkW.png]
[ram.digitscpu.com/_astro-assets/partiful.oZBDWYye_1KRNcS.png]
[ram.digitscpu.com/_astro-assets/pendium.DQ5QUUC7_Z23DEiy.png]
[ram.digitscpu.com/_astro-assets/piniata.DhnQ77CT_15u3TP.png]
[ram.digitscpu.com/_astro-assets/popcorn-ai.CRNja9ZG_BUGp3.png]
[ram.digitscpu.com/_astro-assets/prep-proof.DBPbZeVZ_uGrTk.png]
[ram.digitscpu.com/_astro-assets/radien.DJfzAcFf_ZI3k2r.png]
[ram.digitscpu.com/_astro-assets/runloop.DBImH36b_Z2viRB.png]
[ram.digitscpu.com/_astro-assets/rusty-sage-bookkeeping.DnILKcRH_ZV8Ern.png]
[ram.digitscpu.com/_astro-assets/shopsense-ai.BIrmTIOn_2kqGdF.png]
[ram.digitscpu.com/_astro-assets/taxwire.3an9dqzJ_1gJRFF.png]
[ram.digitscpu.com/_astro-assets/the-remote-solopreneur.DXznPsVq_Z2mJNHd.png]
[ram.digitscpu.com/_astro-assets/valvero-advisory.BH_ajmz9_Z1vy4k2.png]
[ram.digitscpu.com/_astro-assets/john-knific.qvbThwSn_1JVO7Y.png]
[ram.digitscpu.com/_astro-assets/ellie-jaman.D-D2uHa5_Z1OH0QQ.png]
[ram.digitscpu.com/_astro-assets/kayvon-beykpour.ajhAcAG3_1tP473.png]
[ram.digitscpu.com/_astro-assets/michael-ducker.GMNew0Ci_1yWi6.png]
[ram.digitscpu.com/_astro-assets/sinclair-toffa.DEsECTSC_aIXPn.png]
[ram.digitscpu.com/_astro-assets/matt-hurd.BQfk6LdQ_Z1oNDDk.png]
[ram.digitscpu.com/_astro-assets/mark-reininga.DcoUrvrv_Z24AYAX.png]
[ram.digitscpu.com/_astro-assets/jackie-anthony.UwowVrik_Z9hoKW.png]
[ram.digitscpu.com/_astro-assets/matt-gardner.88I4uNhX_Zjnuab.png]
[ram.digitscpu.com/_astro-assets/matthew-hale.JbUvJkr4_ts3ww.png]
[ram.digitscpu.com/_astro-assets/star.CVBo_dnQ_ZkS53U.png]
[ram.digitscpu.com/_astro-assets/digits-chip.Dn_WXdq1_ZUzmeg.png]
[ram.digitscpu.com/_astro-assets/Vimeo.astro_astro_type_script_index_0_lang.DRbxEomH.js]
[digits.com/transparent.5f.delayed]
[ram.digitscpu.com/_astro-assets/Timeline.astro_astro_type_script_index_0_lang.B_71Pbcd.js]
[ram.digitscpu.com/_astro-assets/LinkTiles.astro_astro_type_script_index_0_lang.BJ_FFAjv.js]
[ram.digitscpu.com/_astro-assets/ramp.Lt3CzNKY_Z1VrE5r.png]
[ram.digitscpu.com/_astro-assets/american-express.DQdbV30o_Z1fsMej.png]
[ram.digitscpu.com/_astro-assets/stripe.D00MWuuV_R6HmM.png]
[ram.digitscpu.com/_astro-assets/mercury.DqC4pYZ9_ZnXeS2.png]
[ram.digitscpu.com/_astro-assets/gusto.JYSKWAoi_1tazhA.png]
[ram.digitscpu.com/_astro-assets/chase.BjO2py8x_Zvk08G.png]
[ram.digitscpu.com/_astro-assets/brex.DfFIad95_283kPE.png]
[ram.digitscpu.com/_astro-assets/bill.7BESxg0P_1ntI10.png]
[digits.com/demo/index.html]
[digits.com/a-ics/digits-w2-1099-filing-deadline-02022026.ics]
[digits.com/a-ics/digits-partnership-s-corporation-deadline-03162026.ics]
[digits.com/a-ics/digits-c-corporation-sole-proprietors-deadlines-04152026.ics]
[ram.digitscpu.com/_astro-assets/business.Cb8gBnpH_Z1mWOEp.png]
[ram.digitscpu.com/_astro-assets/abacus.Bw_Yd5gg_Z2lksEe.png]
[ram.digitscpu.com/_astro-assets/UniversalLayout.astro_astro_type_script_index_0_lang.Bwjaa0YB.js]
[ram.digitscpu.com/_astro-assets/index.astro_astro_type_script_index_0_lang.CcHFg9Em.js]
[digits.com/index.html]
[ram.digitscpu.com/_astro-assets/booked.0_EVPCIz.css]
[ram.digitscpu.com/_astro-assets/index.BW-MCg4d.css]
[ram.digitscpu.com/_astro-assets/index.CGhjID6V.css]
[ram.digitscpu.com/_astro-assets/_slug_.JmnZcPdZ.css]
[ram.digitscpu.com/_astro-assets/component-library.JwKRlfro.css]
[ram.digitscpu.com/_astro-assets/_slug_.BMK2fe_p.css]
[ram.digitscpu.com/_astro-assets/_slug_.qPFyvrl0.css]
[ram.digitscpu.com/_astro-assets/_slug_.C2iB4JcZ.css]
[ram.digitscpu.com/_astro-assets/index.C-na2DEE.css]
[ram.digitscpu.com/_astro-assets/_slug_.CLGFpSjd.css]
[ram.digitscpu.com/_astro-assets/_slug_.BCOt1NAM.css]
[ram.digitscpu.com/_astro-assets/index.CGiEcBiJ.css]
[ram.digitscpu.com/_astro-assets/component-library.BGhx_IQW.css]
[ram.digitscpu.com/_astro-assets/_slug_.Ctc1eOEO.css]
[ram.digitscpu.com/_astro-assets/component-library.-hzYtEr1.css]
[digits.com/favicon/favicon5e1f.svg]
[ram.digitscpu.com/_astro-assets/_slug_.a06AlSj-.css]
[ram.digitscpu.com/_astro-assets/_slug_.8g9F8n2y.css]
[ram.digitscpu.com/_astro-assets/jeff-seibert.rAFwF1RI_Z1QPOfC.png]
[digits.com/a-images/resources/signature-jeff.png]
[digits.com/blog/what-s-next-for-digits-from-real-time-to-verified-financials/index.html]
[ram.digitscpu.com/_astro-assets/facebook.DSCWLEyl_Z3dy2W.png]
[digits.com/blog/ai-bank-reconciliations/index.html]
[digits.com/blog/firm-models-are-here-exclusive-to-the-digits-accounting-partner-program/index.html]
[ram.digitscpu.com/_astro-assets/x.CnR0fRIK_Z1qh4lB.png]
[ram.digitscpu.com/_astro-assets/linkedin.CZlMBK3w_1nbncO.png]
[ram.digitscpu.com/_astro-assets/email.CLYb4HKB_Z1CfuIm.png]
[digits.com/blog/announcing-ask-digits/index.html]
[ram.digitscpu.com/_astro-assets/index.DswRwaWw.css]
[ram.digitscpu.com/_astro-assets/index.B1mjztQZ.css]
[unpkg.com/@splinetool/viewer@1.9.72/build/spline-viewer.js]
[digits.com/agl/_https_/ram.digitscpu.com/_astro-assets/agl-bg-fallback.ByyO6kpO_9m6z8.7c.delayed]
[digits.com/agl/%22https_/ram.digitscpu.com/_astro-assets/agl-bg-fallback.ByyO6kpO_9m6z8.7d.delayed]
[ram.digitscpu.com/_astro-assets/SplineTakeover.astro_astro_type_script_index_0_lang.oKw5bM1r.js]
[ram.digitscpu.com/_astro-assets/digits-logo-green-white.CT6sU-RU_23c8za.png]
[ram.digitscpu.com/_astro-assets/WhitepaperModule.astro_astro_type_script_index_0_lang.D2K987ss.js]
[ram.digitscpu.com/_astro-assets/MasonryCards.astro_astro_type_script_index_0_lang.DuFv4SJh.js]
[ram.digitscpu.com/_astro-assets/index.astro_astro_type_script_index_0_lang.m9B5leed.js]
[digits.com/agl/index.html]
[ram.digitscpu.com/_astro-assets/_slug_.DP4NPrhC.css]
[ram.digitscpu.com/_astro-assets/index.CQHdv4Pt.css]
[ram.digitscpu.com/_astro-assets/index.CdyMe6uz.css]
[ram.digitscpu.com/_astro-assets/component-library.CbACTcEF.css]
[digits.com/security/_https_/ram.digitscpu.com/_astro-assets/security-hero-bg-100.B2PTG8nw_Z1L04js.87.delayed]
[digits.com/security/%22https_/ram.digitscpu.com/_astro-assets/security-hero-bg-100.B2PTG8nw_Z1L04js.html]
[digits.com/security/_https_/ram.digitscpu.com/_astro-assets/shield.DW510vQR.89.delayed]
[digits.com/security/%22https_/ram.digitscpu.com/_astro-assets/shield.DW510vQR.html]
[ram.digitscpu.com/_astro-assets/DraggableSlides.astro_astro_type_script_index_0_lang.D0gtWi6J.js]
[ram.digitscpu.com/_astro-assets/jackie-anthony-64.r6tp5sZg_Z1vkgeA.png]
[digits.com/accountants/month-end-close/index.html]
[ram.digitscpu.com/_astro-assets/matt-gardner-64.C-tFSGrC_Z2eecTM.png]
[ram.digitscpu.com/_astro-assets/scott-williams-64.NA8_eVDc_Z3Ldd8.png]
[ram.digitscpu.com/_astro-assets/scott-zimmerman-64.Sb7AU4P8_1x8xfc.png]
[ram.digitscpu.com/_astro-assets/casey-galanti-64.DWc393_o_EWKh6.png]
[ram.digitscpu.com/_astro-assets/christopher-craig-64.4GvPGtC-_Z1CSh5V.png]
[digits.com/security/index.html]
[ram.digitscpu.com/_astro-assets/index.M3BnNg-0.css]
[ram.digitscpu.com/_astro-assets/index.BIOxucne.css]
[ram.digitscpu.com/_astro-assets/component-library.DeUDiCct.css]
[ram.digitscpu.com/_astro-assets/HeroSpotlight.astro_astro_type_script_index_0_lang.DUZJ7rE8.js]
[ram.digitscpu.com/_astro-assets/violet-dots.C6y0RroC.png]
[ram.digitscpu.com/_astro-assets/integrations-screen.BdEhkaxl_1HRltr.png]
[ram.digitscpu.com/_astro-assets/DotLottie.astro_astro_type_script_index_0_lang.CBFY1vH8.js]
[ram.digitscpu.com/_astro-assets/mercury-alt.D05yEY_U_LprDu.png]
[ram.digitscpu.com/_astro-assets/ramp.Cf8JqquH_Vcps7.png]
[ram.digitscpu.com/_astro-assets/gusto.BulY1nwp_Z2fLUXE.png]
[ram.digitscpu.com/_astro-assets/bill.D9fHq9Zc_OU1Yf.png]
[ram.digitscpu.com/_astro-assets/stripe.DWSizrVX_12VeKV.png]
[ram.digitscpu.com/_astro-assets/arc.DN6p6jWk_1fyxXX.png]
[ram.digitscpu.com/_astro-assets/digits-circuit.jIuhuKVe_b3413.png]
[digits.com/api.a0.delayed]
[digits.com/integrations/index.html]
[ram.digitscpu.com/_astro-assets/index.BbDXTsXE.css]
[ram.digitscpu.com/_astro-assets/index.Bti6WQMn.css]
[ram.digitscpu.com/_astro-assets/digits-chip.CnymAMnM_h3WgU.png]
[digits.com/api/_https_/ram.digitscpu.com/_astro-assets/sync-bills.BPblJ26w.a4.delayed]
[digits.com/api/%22https_/ram.digitscpu.com/_astro-assets/sync-bills.BPblJ26w.a5.delayed]
[digits.com/api/_https_/ram.digitscpu.com/_astro-assets/custom-accounting-dashboards.CHU0gPUG.a6.delayed]
[digits.com/api/%22https_/ram.digitscpu.com/_astro-assets/custom-accounting-dashboards.CHU0gPUG.a7.delayed]
[digits.com/api/_https_/ram.digitscpu.com/_astro-assets/automate-categorization.DYF-I7uh.a8.delayed]
[digits.com/api/%22https_/ram.digitscpu.com/_astro-assets/automate-categorization.DYF-I7uh.a9.delayed]
[digits.com/api/_https_/ram.digitscpu.com/_astro-assets/add-accounting-features.DtRl1TRG.aa.delayed]
[digits.com/api/%22https_/ram.digitscpu.com/_astro-assets/add-accounting-features.DtRl1TRG.ab.delayed]
[digits.com/api/index.html]
[ram.digitscpu.com/_astro-assets/ScrollingSlideShow.astro_astro_type_script_index_0_lang.DoB4yEC9.js]
[ram.digitscpu.com/_astro-assets/_slug_.B8LIuXOv.css]
[ram.digitscpu.com/_astro-assets/index.Bt3RFF6v.css]
[ram.digitscpu.com/_astro-assets/ask-digits.Bk9uW5Kj.css]
[ram.digitscpu.com/_astro-assets/agent-bar.B1jPa3B4_Z1TC5Cm.png]
[ram.digitscpu.com/_astro-assets/security-seal.DPBNoz8o_Z1XjD5O.png]
[digits.com/product/ask-digits/index.html]
[ram.digitscpu.com/_astro-assets/component-library.0XcnYcuf.css]
[ram.digitscpu.com/_astro-assets/bookkeeping.DvI1kbst.css]
[ram.digitscpu.com/_astro-assets/flowchart-bg.gQT4-anG_ZUzQJK.png]
[digits.com/product/bookkeeping/transparent.b5.delayed]
[ram.digitscpu.com/_astro-assets/logo-flower-bg.IHK9RrmX_Budck.png]
[ram.digitscpu.com/_astro-assets/top-expenses-bg.DX0yCVhG_ZBXkHC.png]
[ram.digitscpu.com/_astro-assets/cash-flow-bg.BX3illEz_C90w9.png]
[digits.com/product/bookkeeping/index.html]
[ram.digitscpu.com/_astro-assets/Timeline2.astro_astro_type_script_index_0_lang.12ggscnX.js]
[ram.digitscpu.com/_astro-assets/component-library.DX-quH5k.css]
[ram.digitscpu.com/_astro-assets/_slug_.DXJK25RI.css]
[ram.digitscpu.com/_astro-assets/armanino.BV5d1a78_ZRo5NV.png]
[ram.digitscpu.com/_astro-assets/cairn.B41LBBj4_Zhdwiw.png]
[ram.digitscpu.com/_astro-assets/clarity-bookkeeping.DMuLSJj8_8FfFu.png]
[ram.digitscpu.com/_astro-assets/go-figure-accounting.C8YabGi4_2fpPsa.png]
[ram.digitscpu.com/_astro-assets/hiline.-7vy4YBT_103KaW.png]
[ram.digitscpu.com/_astro-assets/impact-complex-financials.BGwioQ9y_1CWUxr.png]
[ram.digitscpu.com/_astro-assets/markoff-malatesta.C_mOyaQY_194Rh1.png]
[ram.digitscpu.com/_astro-assets/collect-slide.DCRFT9Sg_26KAv.png]
[ram.digitscpu.com/_astro-assets/book-slide.C-3LOUNR_Z68xmQ.png]
[ram.digitscpu.com/_astro-assets/reconcile-slide.CQLQizze_20kkfN.png]
[ram.digitscpu.com/_astro-assets/review-slide.CMwc8PM5_1cc0pD.png]
[ram.digitscpu.com/_astro-assets/report-slide.0serqEL3_2g948z.png]
[ram.digitscpu.com/_astro-assets/respond-slide.C9EM6nIW_2nvL1w.png]
[ram.digitscpu.com/_astro-assets/GrowSlider.astro_astro_type_script_index_0_lang.e-3a3kGL.js]
[digits.com/security.ca.delayed]
[ram.digitscpu.com/_astro-assets/star.CVBo_dnQ_1yPTTa.png]
[digits.com/product/month-end-close/index.html]
[ram.digitscpu.com/_astro-assets/_slug_.vhmekWSL.css]
[ram.digitscpu.com/_astro-assets/kpi.BnaBxfTl_2nrJGp.png]
[ram.digitscpu.com/_astro-assets/drag-drop.B3F4VjVC_Zld7jj.png]
[ram.digitscpu.com/_astro-assets/granular-data.C0DEK9En_Z2aLyyK.png]
[ram.digitscpu.com/_astro-assets/live-statements.BqLZe9kH_Z2amEND.png]
[digits.com/product/dashboards/index.html]
[ram.digitscpu.com/_astro-assets/_slug_.CgE9J-e-.css]
[ram.digitscpu.com/_astro-assets/financials.EHUQRewD.css]
[ram.digitscpu.com/_astro-assets/collaborate.BShWIkRR_1hioDu.png]
[ram.digitscpu.com/_astro-assets/insights.DQmxVLN5_Z1RBp3w.png]
[ram.digitscpu.com/_astro-assets/interactive.wDksG2tc_Z151lHD.png]
[ram.digitscpu.com/_astro-assets/personalized.bD0dZrks_29gas0.png]
[digits.com/product/financials/_https_/ram.digitscpu.com/_astro-assets/profit-and-loss.KMcieavO.d7.delayed]
[digits.com/product/financials/%22https_/ram.digitscpu.com/_astro-assets/profit-and-loss.KMcieavO.d8.delayed]
[digits.com/product/financials/_https_/ram.digitscpu.com/_astro-assets/balance-sheet.Cx_CiIy7.d9.delayed]
[digits.com/product/financials/%22https_/ram.digitscpu.com/_astro-assets/balance-sheet.Cx_CiIy7.da.delayed]
[digits.com/product/financials/_https_/ram.digitscpu.com/_astro-assets/cash-flow.C3Z717NR.db.delayed]
[digits.com/product/financials/%22https_/ram.digitscpu.com/_astro-assets/cash-flow.C3Z717NR.dc.delayed]
[digits.com/product/financials/_https_/ram.digitscpu.com/_astro-assets/reports.DAktmxan.dd.delayed]
[digits.com/product/financials/%22https_/ram.digitscpu.com/_astro-assets/reports.DAktmxan.de.delayed]
[digits.com/product/bookkeeping.df.delayed]
[digits.com/product/financials/index.html]
[ram.digitscpu.com/_astro-assets/bill-pay.CsNAEkXv.css]
[ram.digitscpu.com/_astro-assets/bill-pay-details.DZIUttI0_1U0lwV.png]
[digits.com/product/bill-pay/_https_/ram.digitscpu.com/_astro-assets/purple-diagonal-bg.By_nJm53_19qRUc.e2.delayed]
[digits.com/product/bill-pay/%22https_/ram.digitscpu.com/_astro-assets/purple-diagonal-bg.By_nJm53_19qRUc.e3.delayed]
[ram.digitscpu.com/_astro-assets/bill-pay-bank-account.3UbhSodI_1truf9.png]
[ram.digitscpu.com/_astro-assets/bill-pay-paid.BFdx01iO_1Tr4nn.png]
[ram.digitscpu.com/_astro-assets/bill-pay-drag-and-drop.7h-BiGLL_1gJOaY.png]
[ram.digitscpu.com/_astro-assets/bill-pay-review.CnMxeDfD_14iyBN.png]
[digits.com/product/bill-pay/index.html]
[ram.digitscpu.com/_astro-assets/invoicing.M11tfJCL.css]
[ram.digitscpu.com/_astro-assets/automated-invoicing.BtsH4gE-_Z14iSmj.png]
[ram.digitscpu.com/_astro-assets/brand-customization.C9YhCrmJ_ONqqa.png]
[ram.digitscpu.com/_astro-assets/real-time-payment-tracking.DLRkNxD6_2o3XLq.png]
[ram.digitscpu.com/_astro-assets/automated-accounting.D8Wslmmg_1rqWsk.png]
[digits.com/product/invoicing/_https_/ram.digitscpu.com/_astro-assets/purple-diagonal-bg.By_nJm53_19qRUc.ed.delayed]
[digits.com/product/invoicing/%22https_/ram.digitscpu.com/_astro-assets/purple-diagonal-bg.By_nJm53_19qRUc.ee.delayed]
[ram.digitscpu.com/_astro-assets/smart-reminders.wQWaScZ0_Z2sBatg.png]
[digits.com/product/invoicing/index.html]
[ram.digitscpu.com/_astro-assets/index.C7_Mz-Jf.css]
[ram.digitscpu.com/_astro-assets/index.DEsu85hZ.css]
[ram.digitscpu.com/_astro-assets/index.Cbh1sN_S.css]
[ram.digitscpu.com/_astro-assets/woman-at-computer.CU3rBvSR_ZGNSow.png]
[digits.com/digits-air-partner-addendum/index.html]
[ram.digitscpu.com/_astro-assets/digits-certified-badge-level-1.Apa45ANM_26rSxv.png]
[ram.digitscpu.com/_astro-assets/digits-certified-badge-level-2.C_p0p_G9_Z22gIKA.png]
[ram.digitscpu.com/_astro-assets/digits-chat-screen.M6HBKsnh_1omLLV.png]
[ram.digitscpu.com/_astro-assets/womans-arm.CDwO0TA__Z2cQzyr.png]
[ram.digitscpu.com/_astro-assets/woman-at-computer-2.CkABb3Gr_Z1G3Qa3.png]
[ram.digitscpu.com/_astro-assets/people-talking.BwHIuvRF_ZEOPqF.png]
[ram.digitscpu.com/_astro-assets/digits-signature.-nO8ffdT_Z1LuS4m.png]
[ram.digitscpu.com/_astro-assets/acru-signature.H68sLHJj_2dvKHP.png]
[ram.digitscpu.com/_astro-assets/hline-signature.BnoUHR2b_2l6ie7.png]
[ram.digitscpu.com/_astro-assets/man-on-phone.BCjnoqjb_1QzcqT.png]
[ram.digitscpu.com/_astro-assets/frame-1.CwO6FSUH_vOvgd.png]
[ram.digitscpu.com/_astro-assets/frame-2.CTNYFnuQ_Z8uCoj.png]
[ram.digitscpu.com/_astro-assets/frame-3.BAD1ac4t_Z1XvCGD.png]
[ram.digitscpu.com/_astro-assets/frame-4.CKP14Z8N_Z2shyK9.png]
[digits.com/accountants/index.html]
[ram.digitscpu.com/_astro-assets/index.COlxFVda.css]
[ram.digitscpu.com/_astro-assets/index.BpfebSHL.css]
[ram.digitscpu.com/_astro-assets/index.C1aBQIoR.css]
[digits.com/blog/digits-is-now-programmable/index.html]
[digits.com/blog/mlops-world-2025-slides/index.html]
[digits.com/blog/window.location.105.delayed]
[digits.com/blog/bill/index.html]
[digits.com/blog/multiview-dashboards/index.html]
[digits.com/blog/startup-stock-options/index.html]
[digits.com/blog/how-to-scale-accounting-firm/index.html]
[digits.com/blog/hiring-international-employees-for-startups-pros-cons-and-how-to-hire/index.html]
[digits.com/blog/bill.106.delayed]
[digits.com/blog/accounting-firm-automation/index.html]
[digits.com/blog/7-reasons-accounting-firms-switch-to-digits/index.html]
[digits.com/blog/ai-in-production-2025/index.html]
[digits.com/blog/ai-in-production-2025-slides/index.html]
[digits.com/blog/general-ledger-built-for-firms-to-scale/index.html]
[digits.com/blog/scaling-new-heights-2025-recap-the-future-is-ai-native-with-digits/index.html]
[digits.com/blog/announcing-ask-digits.107.delayed]
[digits.com/blog/digits-partners-with-arc/index.html]
[digits.com/blog/performance-improvements-llama4-scout/index.html]
[digits.com/blog/introducing-digits-accounting-agents/index.html]
[digits.com/blog/pilot-alternatives/index.html]
[digits.com/blog/digits-at-startup-grind-conference-2025/index.html]
[digits.com/blog/ai-bank-reconciliations.108.delayed]
[digits.com/blog/digits-integrates-with-gusto/index.html]
[digits.com/blog/digits-at-gtc-25/index.html]
[digits.com/blog/agl-announcement/index.html]
[digits.com/blog/multiview-dashboards.109.delayed]
[digits.com/blog/google-developer-group-seattle-talk-2025/index.html]
[digits.com/blog/saas-cogs-calculation/index.html]
[digits.com/blog/startup-taxes-ultimate-guide/index.html]
[digits.com/blog/small-business-tax-rates/index.html]
[digits.com/blog/startup-funding-stages/index.html]
[digits.com/blog/how-to-scale-accounting-firm.10a.delayed]
[digits.com/blog/why-startups-fail/index.html]
[digits.com/blog/1099-vs-w2/index.html]
[digits.com/blog/ai-invoicing/index.html]
[digits.com/blog/c-corp-vs-s-corp-vs-llc/index.html]
[digits.com/blog/best-bookkeeping-services-startups/index.html]
[digits.com/blog/do-i-need-accountant-small-business/index.html]
[digits.com/blog/how-to-incorporate-c-corp-delaware/index.html]
[digits.com/blog/startup-stock-options.10b.delayed]
[digits.com/blog/ai-accounting-benefits/index.html]
[digits.com/blog/bench-fallout/index.html]
[digits.com/blog/how-to-file-delaware-franchise-tax/index.html]
[digits.com/blog/tax-ready-books/index.html]
[digits.com/blog/puzzle-alternatives/index.html]
[digits.com/blog/accounting-firm-automation.10c.delayed]
[digits.com/blog/tax-benefits-for-startups/index.html]
[digits.com/blog/rd-credit/index.html]
[digits.com/blog/business-tax-deadline-guide-for-2025/index.html]
[digits.com/blog/llc-delaware-c-corp-conversion/index.html]
[digits.com/blog/409a-valuations-startups/index.html]
[digits.com/blog/7-reasons-accounting-firms-switch-to-digits.10d.delayed]
[digits.com/blog/what-is-a-1099-nec/index.html]
[digits.com/blog/qualified-small-business-stock-founders-qsbs/index.html]
[digits.com/blog/startup-tax-deductions/index.html]
[digits.com/blog/finance-tech-stack/index.html]
[digits.com/blog/boi-reporting-injunction/index.html]
[digits.com/general-ledger-built-for-firms-to-scale.10e.delayed]
[digits.com/blog/new-us-open-banking-regulations/index.html]
[digits.com/blog/accounting-for-startups-founders-guide/index.html]
[digits.com/blog/investor-reporting-tips/index.html]
[digits.com/blog/7-sources-of-funding-for-startups-and-how-to-improve-your-odds-of-getting-funded/index.html]
[digits.com/blog/scaling-new-heights-2025-recap-the-future-is-ai-native-with-digits.10f.delayed]
[digits.com/blog/burn-rate/index.html]
[digits.com/blog/startup-bookkeeping-101-with-tips-from-a-cpa/index.html]
[digits.com/blog/evolution-general-ledger-agl/index.html]
[digits.com/blog/extending-your-startup-runway/index.html]
[digits.com/blog/introducing-digits-accounting-agents.110.delayed]
[digits.com/blog/digits-at-cuda-mode-irl/index.html]
[digits.com/blog/startup-business-accountant-guide/index.html]
[digits.com/blog/deploying-llama-3-2-a-breeze-with-vllm-and-kubernetes/index.html]
[digits.com/blog/llama-3-2-a-game-changer-for-smaller-llms/index.html]
[digits.com/blog/why-machine-learning-projects-are-icebergs/index.html]
[digits.com/blog/digits-partners-with-arc.111.delayed]
[digits.com/blog/ai-in-production-2024/index.html]
[digits.com/blog/trifecta-accounting-tax-fpa/index.html]
[digits.com/blog/deploying-llms-with-ease/index.html]
[digits.com/blog/digits-achieves-soc-2-type-2/index.html]
[digits.com/blog/scaling-new-heights-24/index.html]
[digits.com/blog/performance-improvements-llama4-scout.112.delayed]
[digits.com/blog/gpt-4o-vs-digits-ai/index.html]
[digits.com/blog/basis-acquisition-announcement/index.html]
[digits.com/blog/google-io24/index.html]
[digits.com/blog/pilot-alternatives.113.delayed]
[digits.com/blog/bill-pay-made-brilliant/index.html]
[digits.com/blog/uw-lecture-24/index.html]
[digits.com/blog/spring-update-24/index.html]
[digits.com/blog/google-next-24/index.html]
[digits.com/blog/form-1099-nec/index.html]
[digits.com/blog/digits-at-startup-grind-conference-2025.114.delayed]
[digits.com/blog/fractional-cfo/index.html]
[digits.com/blog/accounts-receivable/index.html]
[digits.com/blog/rule-of-40/index.html]
[digits.com/blog/form-w9/index.html]
[digits.com/blog/digits-integrates-with-gusto.115.delayed]
[digits.com/blog/depreciation/index.html]
[digits.com/blog/form-1120/index.html]
[digits.com/blog/income-statement/index.html]
[digits.com/blog/per-diem/index.html]
[digits.com/digits-at-gtc-25.116.delayed]
[digits.com/blog/guide-accounting-startups/index.html]
[digits.com/blog/accounting-vs-bookkeeping/index.html]
[digits.com/blog/cash-vs-accrual-accounting-startups/index.html]
[digits.com/blog/do-startups-need-accounting/index.html]
[digits.com/blog/when-to-hire-an-accountant/index.html]
[digits.com/blog/agl-announcement.117.delayed]
[digits.com/blog/digits-achieves-soc-2-type-1/index.html]
[digits.com/blog/its-time-to-fix-accounting/index.html]
[digits.com/blog/reports-updates-q4-23/index.html]
[digits.com/blog/update-q3-23/index.html]
[digits.com/google-developer-group-seattle-talk-2025.118.delayed]
[digits.com/blog/google-next-23/index.html]
[digits.com/blog/scaling-new-heights-23/index.html]
[digits.com/blog/summer-update-23/index.html]
[digits.com/blog/startup-taxes-ultimate-guide.119.delayed]
[digits.com/blog/introducing-digits-ai-business-finance/index.html]
[digits.com/blog/ml-engineering-in-the-time-of-gpt-4-palm-2/index.html]
[digits.com/blog/zero-shot-machine-learning-accounting/index.html]
[digits.com/blog/small-business-tax-rates.11a.delayed]
[digits.com/blog/introducing-digits-transaction-review/index.html]
[digits.com/blog/generative-machine-learning-transform-accounting/index.html]
[digits.com/blog/similarity-based-machine-learning-accounting/index.html]
[digits.com/blog/saas-cogs-calculation.11b.delayed]
[digits.com/blog/reports-upgrade-q2-22/index.html]
[digits.com/blog/65m-series-c/index.html]
[digits.com/blog/digital-cpa-2021/index.html]
[digits.com/blog/startup-funding-stages.11c.delayed]
[digits.com/blog/new-engineering-blog/index.html]
[digits.com/blog/digits-search-launch-21/index.html]
[digits.com/blog/training-and-deploying-transformer-models/index.html]
[digits.com/blog/real-time-transaction-indexing-with-bleve/index.html]
[digits.com/blog/digits-wins-awards-real-time-finance/index.html]
[digits.com/blog/why-startups-fail.11d.delayed]
[digits.com/blog/magic-of-remote-work/index.html]
[digits.com/blog/may-update-20/index.html]
[digits.com/blog/digits-joins-financial-data-exchange/index.html]
[digits.com/blog/efficient-service-of-static-views-google-cloud-spanner/index.html]
[digits.com/blog/22m-series-b/index.html]
[digits.com/blog/new-definition-remote-work/index.html]
[digits.com/blog/ai-invoicing.11e.delayed]
[digits.com/blog/our-next-adventure/index.html]
[digits.com/blog/benchmark-leads-10m-series-a-peter-fenton-joins-board/index.html]
[digits.com/blog/1099-vs-w2.11f.delayed]
[digits.com/general-ledger-built-for-firms-to-scale/index.html]
[digits.com/digits-at-gtc-25/index.html]
[digits.com/google-developer-group-seattle-talk-2025/index.html]
[digits.com/blog/c-corp-vs-s-corp-vs-llc.120.delayed]
[digits.com/blog/best-bookkeeping-services-startups.121.delayed]
[digits.com/blog/how-to-incorporate-c-corp-delaware.122.delayed]
[digits.com/blog/do-i-need-accountant-small-business.123.delayed]
[digits.com/blog/bench-fallout.124.delayed]
[digits.com/blog/ai-accounting-benefits.125.delayed]
[digits.com/tax-ready-books.126.delayed]
[digits.com/tax-ready-books/index.html]
[digits.com/blog/how-to-file-delaware-franchise-tax.127.delayed]
[digits.com/blog/puzzle-alternatives.128.delayed]
[digits.com/blog/rd-credit.129.delayed]
[digits.com/blog/tax-benefits-for-startups.12a.delayed]
[digits.com/blog/business-tax-deadline-guide-for-2025.12b.delayed]
[digits.com/blog/llc-delaware-c-corp-conversion.12c.delayed]
[digits.com/blog/409a-valuations-startups.12d.delayed]
[digits.com/blog/qualified-small-business-stock-founders-qsbs.12e.delayed]
[digits.com/blog/startup-tax-deductions.12f.delayed]
[digits.com/blog/finance-tech-stack.130.delayed]
[digits.com/blog/what-is-a-1099-nec.131.delayed]
[digits.com/blog/boi-reporting-injunction.132.delayed]
[digits.com/blog/new-us-open-banking-regulations.133.delayed]
[digits.com/blog/investor-reporting-tips.134.delayed]
[digits.com/blog/accounting-for-startups-founders-guide.135.delayed]
[digits.com/blog/burn-rate.136.delayed]
[digits.com/blog/evolution-general-ledger-agl.137.delayed]
[digits.com/blog/startup-bookkeeping-101-with-tips-from-a-cpa.138.delayed]
[digits.com/blog/extending-your-startup-runway.139.delayed]
[digits.com/blog/digits-at-cuda-mode-irl.13a.delayed]
[digits.com/blog/deploying-llama-3-2-a-breeze-with-vllm-and-kubernetes.13b.delayed]
[digits.com/blog/llama-3-2-a-game-changer-for-smaller-llms.13c.delayed]
[digits.com/blog/startup-business-accountant-guide.13d.delayed]
[digits.com/blog/why-machine-learning-projects-are-icebergs.13e.delayed]
[digits.com/blog/deploying-llms-with-ease.13f.delayed]
[digits.com/blog/ai-in-production-2024.140.delayed]
[digits.com/blog/trifecta-accounting-tax-fpa.141.delayed]
[digits.com/blog/digits-achieves-soc-2-type-2.142.delayed]
[digits.com/blog/scaling-new-heights-24.143.delayed]
[digits.com/basis-acquisition-announcement.144.delayed]
[digits.com/basis-acquisition-announcement/index.html]
[digits.com/blog/gpt-4o-vs-digits-ai.145.delayed]
[digits.com/google-io24.146.delayed]
[digits.com/blog/bill-pay-made-brilliant.147.delayed]
[digits.com/google-io24/index.html]
[digits.com/spring-update-24.148.delayed]
[digits.com/uw-lecture-24.149.delayed]
[digits.com/spring-update-24/index.html]
[digits.com/google-next-24.14a.delayed]
[digits.com/uw-lecture-24/index.html]
[digits.com/blog/form-1099-nec.14b.delayed]
[digits.com/google-next-24/index.html]
[digits.com/blog/accounts-receivable.14c.delayed]
[digits.com/blog/fractional-cfo.14d.delayed]
[digits.com/blog/rule-of-40.14e.delayed]
[digits.com/blog/form-w9.14f.delayed]
[digits.com/blog/form-1120.150.delayed]
[digits.com/blog/depreciation.151.delayed]
[digits.com/blog/income-statement.152.delayed]
[digits.com/blog/per-diem.153.delayed]
[digits.com/blog/guide-accounting-startups.154.delayed]
[digits.com/blog/accounting-vs-bookkeeping.155.delayed]
[digits.com/blog/cash-vs-accrual-accounting-startups.156.delayed]
[digits.com/blog/do-startups-need-accounting.157.delayed]
[digits.com/blog/when-to-hire-an-accountant.158.delayed]
[digits.com/digits-achieves-soc-2-type-1.159.delayed]
[digits.com/digits-achieves-soc-2-type-1/index.html]
[digits.com/blog/its-time-to-fix-accounting.15a.delayed]
[digits.com/reports-updates-q4-23.15b.delayed]
[digits.com/reports-updates-q4-23/index.html]
[digits.com/update-q3-23.15c.delayed]
[digits.com/google-next-23.15d.delayed]
[digits.com/update-q3-23/index.html]
[digits.com/scaling-new-heights-23.15e.delayed]
[digits.com/google-next-23/index.html]
[digits.com/scaling-new-heights-23/index.html]
[digits.com/summer-update-23.15f.delayed]
[digits.com/summer-update-23/index.html]
[digits.com/introducing-digits-ai-business-finance.160.delayed]
[digits.com/ml-engineering-in-the-time-of-gpt-4-palm-2.161.delayed]
[digits.com/introducing-digits-ai-business-finance/index.html]
[digits.com/zero-shot-machine-learning-accounting.162.delayed]
[digits.com/ml-engineering-in-the-time-of-gpt-4-palm-2/index.html]
[digits.com/zero-shot-machine-learning-accounting/index.html]
[digits.com/introducing-digits-transaction-review.163.delayed]
[digits.com/generative-machine-learning-transform-accounting.164.delayed]
[digits.com/introducing-digits-transaction-review/index.html]
[digits.com/similarity-based-machine-learning-accounting.165.delayed]
[digits.com/generative-machine-learning-transform-accounting/index.html]
[digits.com/blog/reports-upgrade-q2-22.166.delayed]
[digits.com/similarity-based-machine-learning-accounting/index.html]
[digits.com/65m-series-c.167.delayed]
[digits.com/real-time-transaction-indexing-with-bleve.168.delayed]
[digits.com/digital-cpa-2021/index.html]
[digits.com/65m-series-c/index.html]
[digits.com/new-engineering-blog.169.delayed]
[digits.com/real-time-transaction-indexing-with-bleve/index.html]
[digits.com/new-engineering-blog/index.html]
[digits.com/training-and-deploying-transformer-models.16a.delayed]
[digits.com/digits-search-launch-21.16b.delayed]
[digits.com/training-and-deploying-transformer-models/index.html]
[digits.com/digits-search-launch-21/index.html]
[digits.com/digits-wins-awards-real-time-finance.16c.delayed]
[digits.com/magic-of-remote-work.16d.delayed]
[digits.com/digits-wins-awards-real-time-finance/index.html]
[digits.com/digits-joins-financial-data-exchange.16e.delayed]
[digits.com/magic-of-remote-work/index.html]
[digits.com/efficient-service-of-static-views-google-cloud-spanner.16f.delayed]
[digits.com/digits-joins-financial-data-exchange/index.html]
[digits.com/may-update-20.170.delayed]
[digits.com/efficient-service-of-static-views-google-cloud-spanner/index.html]
[digits.com/22m-series-b.171.delayed]
[digits.com/may-update-20/index.html]
[digits.com/22m-series-b/index.html]
[digits.com/new-definition-remote-work.172.delayed]
[digits.com/new-definition-remote-work/index.html]
[digits.com/benchmark-leads-10m-series-a-peter-fenton-joins-board.173.delayed]
[digits.com/our-next-adventure.174.delayed]
[digits.com/blog/index.html]
[digits.com/benchmark-leads-10m-series-a-peter-fenton-joins-board/index.html]
[ram.digitscpu.com/_astro-assets/ai-native-accounting.Drmf2jK__1xwx6r.png]
[digits.com/our-next-adventure/index.html]
[digits.com/ai-native-accounting/window.location.176.delayed]
[digits.com/ai-native-accounting/005/index.html]
[digits.com/ai-native-accounting/index.html]
[digits.com/ai-native-accounting/007/index.html]
[digits.com/ai-native-accounting/004/index.html]
[digits.com/ai-native-accounting/008/index.html]
[digits.com/ai-native-accounting/006/index.html]
[digits.com/ai-native-accounting/002/index.html]
[digits.com/ai-native-accounting/003/index.html]
[digits.com/customers/window.location.177.delayed]
[digits.com/ai-native-accounting/001/index.html]
[digits.com/customers/freeplay/index.html]
[digits.com/customers/mana-accounting-advisory-saving-hours-with-ai-powered-accounting/index.html]
[digits.com/customers/olive-knits-empowering-creative-confidence-with-clear-finances-through-digits/index.html]
[digits.com/customers/spearus/index.html]
[digits.com/customers/freeplay.178.delayed]
[digits.com/customers/abra/index.html]
[digits.com/customers/partiful/index.html]
[digits.com/customers/the-third-place/index.html]
[digits.com/customers/particle/index.html]
[digits.com/customers/spearus.179.delayed]
[digits.com/customers/blaide/index.html]
[digits.com/customers/mural/index.html]
[digits.com/customers/thoughtly/index.html]
[digits.com/customers/wispr/index.html]
[digits.com/customers/abra.17a.delayed]
[digits.com/customers/partiful.17b.delayed]
[digits.com/customers/the-third-place.17c.delayed]
[digits.com/customers/particle.17d.delayed]
[digits.com/customers/blaide.17e.delayed]
[digits.com/customers/mural.17f.delayed]
[digits.com/customers/thoughtly.180.delayed]
[digits.com/customers/wispr.181.delayed]
[digits.com/customers/index.html]
[ram.digitscpu.com/_astro-assets/b2f-header.CERFfoCh_Z1lk3jK.png]
[digits.com/between-two-founders/window.location.183.delayed]
[digits.com/between-two-founders/wade-foster/index.html]
[digits.com/between-two-founders/index.html]
[digits.com/between-two-founders/rene-lacerte/index.html]
[digits.com/between-two-founders/siqi-chen/index.html]
[digits.com/between-two-founders/jean-denis-greze/index.html]
[digits.com/between-two-founders/travis-hedge/index.html]
[ram.digitscpu.com/_astro-assets/component-library.DCQ0szCz.css]
[digits.com/between-two-founders/aaron-levie/index.html]
[digits.com/between-two-founders/josh-reeves/index.html]
[digits.com/between-two-founders/immad-akhund/index.html]
[ram.digitscpu.com/_astro-assets/pricing-flowchart.uDWRUvQK_1W2eHR.png]
[digits.com/between-two-founders/christina-cacioppo/index.html]
[digits.com/between-two-founders/kayvon-beykpour/index.html]
[ram.digitscpu.com/_astro-assets/ai-bookkeeping.DthiB2ZG_d8Wml.png]
[ram.digitscpu.com/_astro-assets/live-metrics.CZSp0_My_ZHF0Vj.png]
[ram.digitscpu.com/_astro-assets/interactive-reports.C3L0oR6U_ZBtjV7.png]
[ram.digitscpu.com/_astro-assets/ai-bill-pay.DvXX6Tlg_ZT50i1.png]
[ram.digitscpu.com/_astro-assets/ai-invoicing.D1QN9B40_ZXzO6x.png]
[digits.com/pricing/index.html]
[digits.com/transparent.html]
[ram.digitscpu.com/_astro-assets/booked.DGnGc6GS.css]
[ram.digitscpu.com/_astro-assets/index.Zfa0Uaul.css]
[ram.digitscpu.com/_astro-assets/dashboard.UN1JFCWI_1PyamA.png]
[ram.digitscpu.com/_astro-assets/dashboard-mobile.aj6EwnbT_Z1GvFtx.png]
[digits.com/demo/index.html]
[ram.digitscpu.com/_astro-assets/_slug_.a06AlSj-.css]
[ram.digitscpu.com/_astro-assets/_slug_.8g9F8n2y.css]
[digits.com/blog/ai-bank-reconciliations/index.html]
[ram.digitscpu.com/_astro-assets/directory-hero.CDEXiquw.png]
[digits.com/blog/what-s-next-for-digits-from-real-time-to-verified-financials/index.html]
[digits.com/blog/agl-announcement/index3656.html]
[ram.digitscpu.com/_astro-assets/accountant-partner-program-hero.n0dRt1nI.png]
[digits.com/accountants.191.delayed]
[digits.com/blog/firm-models-are-here-exclusive-to-the-digits-accounting-partner-program/index.html]
[ram.digitscpu.com/_astro-assets/index.DswRwaWw.css]
[ram.digitscpu.com/_astro-assets/index.B1mjztQZ.css]
[digits.com/agl/%22https_/ram.digitscpu.com/_astro-assets/agl-bg-fallback.ByyO6kpO_9m6z8.html]
[ram.digitscpu.com/_astro-assets/_slug_.DP4NPrhC.css]
[ram.digitscpu.com/blurry-circle.png]
[ram.digitscpu.com/_astro-assets/index.CQHdv4Pt.css]
[ram.digitscpu.com/_astro-assets/index.CdyMe6uz.css]
[ram.digitscpu.com/_astro-assets/component-library.CbACTcEF.css]
[digits.com/security/%22https_/ram.digitscpu.com/_astro-assets/_https_/ram.digitscpu.com/_astro-assets/security-hero-bg-100.B2PTG8nw_Z1L04js.193.delayed]
[digits.com/security/%2522https_/ram.digitscpu.com/_astro-assets/%22https_/ram.digitscpu.com/_astro-assets/security-hero-bg-100.B2PTG8nw_Z1L04js.html]
[digits.com/security/%22https_/ram.digitscpu.com/_astro-assets/_https_/ram.digitscpu.com/_astro-assets/shield.DW510vQR.195.delayed]
[digits.com/security/%22https_/ram.digitscpu.com/_astro-assets/security-hero-bg-100.B2PTG8nw_Z1L04js.html]
[digits.com/security/%22https_/ram.digitscpu.com/_astro-assets/shield.DW510vQR.html]
[digits.com/accountants/month-end-close/index.html]
[ram.digitscpu.com/_astro-assets/index.M3BnNg-0.css]
[ram.digitscpu.com/_astro-assets/index.BIOxucne.css]
[ram.digitscpu.com/_astro-assets/component-library.DeUDiCct.css]
[ram.digitscpu.com/_astro-assets/index.BbDXTsXE.css]
[ram.digitscpu.com/_astro-assets/index.Bti6WQMn.css]
[digits.com/api/%22https_/ram.digitscpu.com/_astro-assets/sync-bills.BPblJ26w.html]
[digits.com/api/%22https_/ram.digitscpu.com/_astro-assets/custom-accounting-dashboards.CHU0gPUG.html]
[digits.com/api/%22https_/ram.digitscpu.com/_astro-assets/automate-categorization.DYF-I7uh.html]
[digits.com/api/%22https_/ram.digitscpu.com/_astro-assets/add-accounting-features.DtRl1TRG.html]
[ram.digitscpu.com/_astro-assets/_slug_.B8LIuXOv.css]
[ram.digitscpu.com/_astro-assets/index.Bt3RFF6v.css]
[ram.digitscpu.com/_astro-assets/ask-digits.Bk9uW5Kj.css]
[ram.digitscpu.com/_astro-assets/component-library.0XcnYcuf.css]
[ram.digitscpu.com/_astro-assets/bookkeeping.DvI1kbst.css]
[digits.com/product/bookkeeping/transparent.html]
[ram.digitscpu.com/_astro-assets/component-library.DX-quH5k.css]
[ram.digitscpu.com/_astro-assets/_slug_.DXJK25RI.css]
[ram.digitscpu.com/_astro-assets/_slug_.vhmekWSL.css]
[ram.digitscpu.com/_astro-assets/_slug_.CgE9J-e-.css]
[ram.digitscpu.com/_astro-assets/financials.EHUQRewD.css]
[digits.com/product/financials/%22https_/ram.digitscpu.com/_astro-assets/profit-and-loss.KMcieavO.html]
[digits.com/product/financials/%22https_/ram.digitscpu.com/_astro-assets/balance-sheet.Cx_CiIy7.html]
[digits.com/product/financials/%22https_/ram.digitscpu.com/_astro-assets/cash-flow.C3Z717NR.html]
[digits.com/product/financials/%22https_/ram.digitscpu.com/_astro-assets/reports.DAktmxan.html]
[ram.digitscpu.com/_astro-assets/bill-pay.CsNAEkXv.css]
[digits.com/product/bill-pay/%22https_/ram.digitscpu.com/_astro-assets/purple-diagonal-bg.By_nJm53_19qRUc.html]
[ram.digitscpu.com/_astro-assets/invoicing.M11tfJCL.css]
[digits.com/product/invoicing/%22https_/ram.digitscpu.com/_astro-assets/purple-diagonal-bg.By_nJm53_19qRUc.html]
[ram.digitscpu.com/_astro-assets/index.C7_Mz-Jf.css]
[ram.digitscpu.com/_astro-assets/index.DEsu85hZ.css]
[ram.digitscpu.com/_astro-assets/index.Cbh1sN_S.css]
[digits.com/security/%2522https_/ram.digitscpu.com/_astro-assets/%22https_/ram.digitscpu.com/_astro-assets/shield.DW510vQR.html]
[ram.digitscpu.com/_astro-assets/index.Bn7F1fQw.css]
[ram.digitscpu.com/_astro-assets/TOSLayout.astro_astro_type_script_index_0_lang.Cq0JRAYS.js]
[digits.com/digits-air-partner-addendum/index.html]
[ram.digitscpu.com/_astro-assets/index.COlxFVda.css]
[ram.digitscpu.com/_astro-assets/index.BpfebSHL.css]
[ram.digitscpu.com/_astro-assets/index.C1aBQIoR.css]
[ram.digitscpu.com/_astro-assets/digitsxbill.iLbWEwrL.png]
[digits.com/blog/bill/index.html]
[ram.digitscpu.com/_astro-assets/connect-api-hero.BGeAevvv.png]
[digits.com/blog/digits-is-now-programmable/index.html]
[ram.digitscpu.com/_astro-assets/hannes-hapke.Dfy_AlSF_Z23NzlR.jpg]
[digits.com/blog/mlops-world-2025-slides/index.html]
[ram.digitscpu.com/_astro-assets/logo-digits.Vp-UGk0A_qKP9k.png]
[ram.digitscpu.com/_astro-assets/digits-dashboard-animation-small.PBeuFUJJ.gif]
[digits.com/blog/multiview-dashboards/index.html]
[digits.com/blog/how-to-scale-accounting-firm/index.html]
[digits.com/blog/startup-stock-options/index.html]
[digits.com/blog/hiring-international-employees-for-startups-pros-cons-and-how-to-hire/index.html]
[digits.com/blog/accounting-firm-automation/index.html]
[digits.com/blog/7-reasons-accounting-firms-switch-to-digits/index.html]
[digits.com/blog/ai-in-production-2025-slides/index.html]
[digits.com/blog/ai-in-production-2025/index.html]
[digits.com/blog/general-ledger-built-for-firms-to-scale/index.html]
[ram.digitscpu.com/_astro-assets/digits_blog_snh25_recap.DDEyzPjt.png]
[digits.com/partners/gusto-accountants/index.html]
[digits.com/blog/scaling-new-heights-2025-recap-the-future-is-ai-native-with-digits/index.html]
[digits.com/agl.1a0.delayed]
[digits.com/blog/introducing-digits-accounting-agents/index.html]
[digits.com/blog/digits-partners-with-arc/index.html]
[player.vimeo.com/api/player.js]
[ram.digitscpu.com/_astro-assets/digits_blog_llama4update_r1.aSB4lyX8.jpg]
[digits.com/blog/performance-improvements-llama4-scout/index.html]
[digits.com/_assets/downloads/beyond-the-hype-evaluating-llms-vs-digits-agl.1a4.delayed]
[digits.com/blog/pilot-alternatives/index.html]
[digits.com/blog/digits-at-startup-grind-conference-2025/index.html]
[digits.com/learn/cash-vs-accrual-accounting-whats-the-best-for-startups/index.html]
[ram.digitscpu.com/_astro-assets/digits_blog_digitsxgusto.UC0PpDgm.png]
[digits.com/blog/digits-integrates-with-gusto/index.html]
[digits.com/blog/digits-at-gtc-25/index.html]
[ram.digitscpu.com/_astro-assets/agl.BTKC9Gq5.jpg]
[digits.com/agl.1a7.delayed]
[digits.com/blog/agl-announcement/index.html]
[digits.com/blog/google-developer-group-seattle-talk-2025/index.html]
[digits.com/blog/startup-taxes-ultimate-guide/index.html]
[digits.com/blog/small-business-tax-rates/index.html]
[digits.com/blog/saas-cogs-calculation/index.html]
[digits.com/blog/startup-funding-stages/index.html]
[digits.com/blog/why-startups-fail/index.html]
[digits.com/demo.1aa.delayed]
[digits.com/blog/ai-invoicing/index.html]
[digits.com/blog/1099-vs-w2/index.html]
[digits.com/blog/c-corp-vs-s-corp-vs-llc/index.html]
[digits.com/blog/best-bookkeeping-services-startups/index.html]
[digits.com/blog/how-to-incorporate-c-corp-delaware/index.html]
[digits.com/blog/do-i-need-accountant-small-business/index.html]
[digits.com/blog/bench-fallout/index.html]
[digits.com/blog/ai-accounting-benefits/index.html]
[digits.com/blog/tax-ready-books/index.html]
[digits.com/blog/how-to-file-delaware-franchise-tax/index.html]
[digits.com/blog/puzzle-alternatives/index.html]
[digits.com/blog/rd-credit/index.html]
[digits.com/blog/tax-benefits-for-startups/index.html]
[digits.com/blog/business-tax-deadline-guide-for-2025/index.html]
[digits.com/index6be4.html]
[digits.com/blog/announcing-connect-api-platform/index.html]
[digits.com/digits.com/blog/qualified-small-business-stock-founders-qsbs.1ad.delayed]
[digits.com/blog/llc-delaware-c-corp-conversion/index.html]
[digits.com/blog/409a-valuations-startups/index.html]
[digits.com/blog/qualified-small-business-stock-founders-qsbs/index.html]
[digits.com/blog/startup-tax-deductions/index.html]
[ram.digitscpu.com/_astro-assets/bebe-kim.iJw-5Q8B_Z2j0k4J.png]
[digits.com/blog/finance-tech-stack/index.html]
[digits.com/blog/what-is-a-1099-nec/index.html]
[digits.com/blog/boi-reporting-injunction/index.html]
[digits.com/blog/new-us-open-banking-regulations/index.html]
[digits.com/blog/investor-reporting-tips/index.html]
[digits.com/blog/accounting-for-startups-founders-guide/index.html]
[digits.com/learn/accounting-vs-bookkeeping-whats-the-difference/index.html]
[digits.com/blog/7-sources-of-funding-for-startups-and-how-to-improve-your-odds-of-getting-funded/index.html]
[digits.com/product/reports/index.html]
[digits.com/features/financials/index.html]
[digits.com/features/bookkeeping/index.html]
[digits.com/blog/burn-rate/index.html]
[digits.com/blog/evolution-general-ledger-agl/index.html]
[digits.com/blog/startup-bookkeeping-101-with-tips-from-a-cpa/index.html]
[digits.com/blog/extending-your-startup-runway/index.html]
[digits.com/blog/digits-at-cuda-mode-irl/index.html]
[digits.com/blog/deploying-llama-3-2-a-breeze-with-vllm-and-kubernetes/index.html]
[digits.com/blog/llama-3-2-a-game-changer-for-smaller-llms/index.html]
[digits.com/blog/startup-business-accountant-guide/index.html]
[digits.com/blog/why-machine-learning-projects-are-icebergs/index.html]
[digits.com/features/bill-pay/index.html]
[digits.com/index4b02.html]
[digits.com/learn/the-relationship-between-accountants-and-startups/index.html]
[digits.com/blog/deploying-llms-with-ease/index.html]
[digits.com/blog/ai-in-production-2024/index.html]
[digits.com/blog/trifecta-accounting-tax-fpa/index.html]
[digits.com/blog/digits-achieves-soc-2-type-2/index.html]
[platform.twitter.com/widgets.js]
[digits.com/blog/posts/welcome-basis/index.html]
[digits.com/blog/scaling-new-heights-24/index.html]
[digits.com/blog/posts/digits-joins-the-financial-data-exchange-fdx-to-strengthen-secure-data-access/index.html]
[digits.com/developer/posts/deploying-llms-with-ease/index.html]
[digits.com/blog/basis-acquisition-announcement/index.html]
[digits.com/blog/gpt-4o-vs-digits-ai/index.html]
[digits.com/blog/posts/on-the-road-to-open-accounting-digits-announces-connect-api-platform/index.html]
[digits.com/demo/index3de1.html]
[digits.com/blog/google-io24/index.html]
[digits.com/blog/posts/digits-achieves-soc2-type1-compliance/index.html]
[digits.com/blog/posts/bill-pay-made-brilliant/index.html]
[digits.com/developer/posts/training-and-deploying-state-of-the-art-transformer-models-at-digits/index.html]
[digits.com/developer/posts/digits-at-google-next-24/index.html]
[digits.com/developer/posts/assisting-accountants-with-similarity-based-machine-learning/index.html]
[digits.com/developer/posts/digits-at-google-io24/index.html]
[digits.com/bill-pay.1b9.delayed]
[digits.com/blog/bill-pay-made-brilliant/index.html]
[digits.com/blog/spring-update-24/index.html]
[digits.com/blog/uw-lecture-24/index.html]
[digits.com/blog/google-next-24/index.html]
[digits.com/blog/form-1099-nec/index.html]
[digits.com/blog/accounts-receivable/index.html]
[digits.com/blog/fractional-cfo/index.html]
[digits.com/blog/rule-of-40/index.html]
[digits.com/blog/form-w9/index.html]
[digits.com/blog/form-1120/index.html]
[digits.com/blog/depreciation/index.html]
[digits.com/blog/income-statement/index.html]
[digits.com/blog/per-diem/index.html]
[digits.com/blog/guide-accounting-startups/index.html]
[digits.com/blog/accounting-vs-bookkeeping/index.html]
[digits.com/blog/cash-vs-accrual-accounting-startups/index.html]
[digits.com/blog/do-startups-need-accounting/index.html]
[digits.com/blog/when-to-hire-an-accountant/index.html]
[digits.com/blog/digits-achieves-soc-2-type-1/index.html]
[digits.com/blog/its-time-to-fix-accounting/index.html]
[digits.com/blog/reports-updates-q4-23/index.html]
[digits.com/blog/update-q3-23/index.html]
[digits.com/blog/google-next-23/index.html]
[digits.com/blog/scaling-new-heights-23/index.html]
[digits.com/blog/summer-update-23/index.html]
[digits.com/blog/introducing-digits-ai-business-finance/index.html]
[digits.com/blog/ml-engineering-in-the-time-of-gpt-4-palm-2/index.html]
[digits.com/blog/zero-shot-machine-learning-accounting/index.html]
[digits.com/blog/introducing-digits-transaction-review/index.html]
[digits.com/blog/generative-machine-learning-transform-accounting/index.html]
[digits.com/blog/similarity-based-machine-learning-accounting/index.html]
[digits.com/blog/reports-upgrade-q2-22/index.html]
[digits.com/blog/guide-to-w9s/index.html]
[digits.com/blog/65m-series-c/index.html]
[digits.com/blog/digital-cpa-2021/index.html]
[digits.com/blog/real-time-transaction-indexing-with-bleve/index.html]
[digits.com/blog/new-engineering-blog/index.html]
[digits.com/blog/training-and-deploying-transformer-models/index.html]
[digits.com/blog/digits-search-launch-21/index.html]
[digits.com/blog/digits-wins-awards-real-time-finance/index.html]
[digits.com/blog/magic-of-remote-work/index.html]
[digits.com/blog/digits-joins-financial-data-exchange/index.html]
[digits.com/blog/efficient-service-of-static-views-google-cloud-spanner/index.html]
[digits.com/blog/may-update-20/index.html]
[digits.com/blog/22m-series-b/index.html]
[digits.com/blog/new-definition-remote-work/index.html]
[digits.com/blog/benchmark-leads-10m-series-a-peter-fenton-joins-board/index.html]
[digits.com/blog/our-next-adventure/index.html]
[digits.com/blog/window.location.html]
[digits.com/general-ledger-built-for-firms-to-scale/index.html]
[digits.com/digits-at-gtc-25/index.html]
[digits.com/google-developer-group-seattle-talk-2025/index.html]
[digits.com/tax-ready-books/index.html]
[digits.com/basis-acquisition-announcement/index.html]
[digits.com/google-io24/index.html]
[digits.com/spring-update-24/index.html]
[digits.com/uw-lecture-24/index.html]
[digits.com/google-next-24/index.html]
[digits.com/digits-achieves-soc-2-type-1/index.html]
[digits.com/reports-updates-q4-23/index.html]
[digits.com/update-q3-23/index.html]
[digits.com/google-next-23/index.html]
[digits.com/scaling-new-heights-23/index.html]
[digits.com/summer-update-23/index.html]
[digits.com/introducing-digits-ai-business-finance/index.html]
[digits.com/ml-engineering-in-the-time-of-gpt-4-palm-2/index.html]
[digits.com/zero-shot-machine-learning-accounting/index.html]
[digits.com/introducing-digits-transaction-review/index.html]
[digits.com/generative-machine-learning-transform-accounting/index.html]
[digits.com/similarity-based-machine-learning-accounting/index.html]
[digits.com/65m-series-c/index.html]
[digits.com/digital-cpa-2021/index.html]
[digits.com/real-time-transaction-indexing-with-bleve/index.html]
[digits.com/new-engineering-blog/index.html]
[digits.com/training-and-deploying-transformer-models/index.html]
[digits.com/digits-search-launch-21/index.html]
[digits.com/digits-wins-awards-real-time-finance/index.html]
[digits.com/magic-of-remote-work/index.html]
[digits.com/digits-joins-financial-data-exchange/index.html]
[digits.com/efficient-service-of-static-views-google-cloud-spanner/index.html]
[digits.com/may-update-20/index.html]
[digits.com/22m-series-b/index.html]
[digits.com/new-definition-remote-work/index.html]
[digits.com/benchmark-leads-10m-series-a-peter-fenton-joins-board/index.html]
[digits.com/our-next-adventure/index.html]
[digits.com/features/dashboard/index.html]
[digits.com/reports/index.html]
[digits.com/bill-pay/index.html]
[ram.digitscpu.com/_astro-assets/_slug_.BQpwmZdZ.css]
[ram.digitscpu.com/_astro-assets/_slug_.DzjbQtW2.css]
[ram.digitscpu.com/_astro-assets/sue-hero.DAn5HElS.jpg]
[ram.digitscpu.com/_astro-assets/sue-coffey.lyvgO6XT_ZDhUfE.jpg]
[ram.digitscpu.com/_astro-assets/kacee-johnson.Csw-7CDu_1MSpKj.jpg]
[ram.digitscpu.com/_astro-assets/website.Dkfhypv7_Qq1FX.png]
[digits.com/ai-native-accounting/008/index.html]
[ram.digitscpu.com/_astro-assets/kane-hero.DgX0g9ub.png]
[ram.digitscpu.com/_astro-assets/kane.Ct1MIiW2_Z1J3Am0.jpg]
[digits.com/ai-native-accounting/007/index.html]
[ram.digitscpu.com/_astro-assets/ai-native-accounting-006.DM_ubjul.png]
[ram.digitscpu.com/_astro-assets/dan-wernikoff.C__gKVOd_10oxK2.jpg]
[ram.digitscpu.com/_astro-assets/jeff-seibert.rAFwF1RI_Z24Y86r.jpg]
[ram.digitscpu.com/_astro-assets/craig-walker.Dy8INBEw_Z1blj1A.jpg]
[digits.com/ai-native-accounting/006/index.html]
[ram.digitscpu.com/_astro-assets/ai-native-accounting-episode-005.BVRFCweI.jpg]
[ram.digitscpu.com/_astro-assets/ron-baker.DgQl53pN_1Uepq6.jpg]
[digits.com/ai-native-accounting/005/index.html]
[ram.digitscpu.com/_astro-assets/joe-woodard.BrBxL0jF_1KfKdx.jpg]
[digits.com/ai-native-accounting/004/index.html]
[ram.digitscpu.com/_astro-assets/ai-native-accounting-episode-003.B1UTQhAc.jpg]
[ram.digitscpu.com/_astro-assets/lindsay-stevenson.BOHM78pA_WstHH.jpg]
[digits.com/ai-native-accounting/003/index.html]
[ram.digitscpu.com/_astro-assets/ai-native-accounting-episode-002.CdUum0pX.png]
[ram.digitscpu.com/_astro-assets/dan-luthi.D0n0-kPh_Zgof8O.jpg]
[digits.com/ai-native-accounting/002/index.html]
[ram.digitscpu.com/_astro-assets/ai-native-accounting-episode-001.4c3rushp.png]
[ram.digitscpu.com/_astro-assets/dawn-brolin.BRTOQQzE_ZOLqrd.jpg]
[ram.digitscpu.com/_astro-assets/matt-gardner.CdimD1jw_ZC4qqn.jpg]
[digits.com/ai-native-accounting/001/index.html]
[digits.com/ai-native-accounting/window.location.html]
[digits.com/customers/mana-accounting-advisory-saving-hours-with-ai-powered-accounting/index.html]
[ram.digitscpu.com/_astro-assets/braden-kraft.Byshu2qh_1gXei7.jpg]
[digits.com/customers/olive-knits-empowering-creative-confidence-with-clear-finances-through-digits/index.html]
[digits.com/customers/freeplay/index.html]
[digits.com/customers/spearus/index.html]
[digits.com/customers/abra/index.html]
[digits.com/customers/partiful/index.html]
[digits.com/customers/the-third-place/index.html]
[digits.com/customers/particle/index.html]
[ram.digitscpu.com/_astro-assets/david-gluvna.DooLH_Ef_2kBAhl.jpg]
[ram.digitscpu.com/_astro-assets/michael-ducker.GMNew0Ci_Z1xKGwR.jpg]
[digits.com/customers/blaide/index.html]
[ram.digitscpu.com/_astro-assets/sinclair-toffa.DEsECTSC_Z1oAEYA.jpg]
[digits.com/customers/mural/index.html]
[ram.digitscpu.com/_astro-assets/torrey-leonard.DyFR8UfI_Z1OddGk.jpg]
[digits.com/customers/thoughtly/index.html]
[ram.digitscpu.com/_astro-assets/tanay-kothari.CTB4JhEU_jx7RA.jpg]
[digits.com/customers/wispr/index.html]
[digits.com/customers/window.location.html]
[ram.digitscpu.com/_astro-assets/rene-hero.B1mzo-q8.jpg]
[ram.digitscpu.com/_astro-assets/rene-headshot.Ds3mrVM3_ZrNDnj.jpg]
[digits.com/between-two-founders/rene-lacerte/index.html]
[ram.digitscpu.com/_astro-assets/007-1-.DxSax1jh.png]
[ram.digitscpu.com/_astro-assets/wade.DBKLOvl4_Z1Hz9md.jpg]
[digits.com/between-two-founders/wade-foster/index.html]
[ram.digitscpu.com/_astro-assets/siqi-chen-between-two-founders.C7eS6CPk.jpg]
[ram.digitscpu.com/_astro-assets/siqi-chen.r8Pr3OP5_1Xa6Ch.jpg]
[digits.com/between-two-founders/siqi-chen/index.html]
[ram.digitscpu.com/_astro-assets/jean-denis-greze.BLrTAZlc_V9f3E.jpg]
[digits.com/between-two-founders/jean-denis-greze/index.html]
[ram.digitscpu.com/_astro-assets/josh-reeves.ypNIrQ5g_eAyI3.jpg]
[digits.com/between-two-founders/josh-reeves/index.html]
[ram.digitscpu.com/_astro-assets/travis-hedge.Dbrfm5YT_Zx2RhA.jpg]
[digits.com/between-two-founders/travis-hedge/index.html]
[ram.digitscpu.com/_astro-assets/aaron-levie.XUS_g-XH_ZmqKIL.jpg]
[digits.com/between-two-founders/aaron-levie/index.html]
[ram.digitscpu.com/_astro-assets/immad-akhund.B0GNNq4i_UmgIE.jpg]
[digits.com/between-two-founders/immad-akhund/index.html]
[ram.digitscpu.com/_astro-assets/christina-cacioppo.BZoSIxSq_1pqzHG.jpg]
[digits.com/between-two-founders/christina-cacioppo/index.html]
[ram.digitscpu.com/_astro-assets/kayvon-beykpour.Dfh6RcPC_21nfia.jpg]
[digits.com/between-two-founders/kayvon-beykpour/index.html]
[digits.com/between-two-founders/window.location.html]
[ram.digitscpu.com/_astro-assets/component-library.DCQ0szCz.css]
[ram.digitscpu.com/_astro-assets/booked.DGnGc6GS.css]
[ram.digitscpu.com/_astro-assets/index.Zfa0Uaul.css]
[digits.com/blog/agl-announcement/index3656.html]
[digits.com/security/%2522https_/ram.digitscpu.com/_astro-assets/%22https_/ram.digitscpu.com/_astro-assets/_https_/ram.digitscpu.com/_astro-assets/security-hero-bg-100.B2PTG8nw_Z1L04js.1ed.delayed]
[digits.com/security/%252522https_/ram.digitscpu.com/_astro-assets/%2522https_/ram.digitscpu.com/_astro-assets/%22https_/ram.digitscpu.com/_astro-assets/security-hero-bg-100.B2PTG8nw_Z1L04js.html]
[digits.com/security/%2522https_/ram.digitscpu.com/_astro-assets/%22https_/ram.digitscpu.com/_astro-assets/_https_/ram.digitscpu.com/_astro-assets/shield.DW510vQR.1ef.delayed]
[digits.com/security/%2522https_/ram.digitscpu.com/_astro-assets/%22https_/ram.digitscpu.com/_astro-assets/security-hero-bg-100.B2PTG8nw_Z1L04js.html]
[digits.com/security/%2522https_/ram.digitscpu.com/_astro-assets/%22https_/ram.digitscpu.com/_astro-assets/shield.DW510vQR.html]
[ram.digitscpu.com/_astro-assets/index.Bn7F1fQw.css]
[digits.com/security/%252522https_/ram.digitscpu.com/_astro-assets/%2522https_/ram.digitscpu.com/_astro-assets/%22https_/ram.digitscpu.com/_astro-assets/shield.DW510vQR.html]
[ram.digitscpu.com/_astro-assets/_slug_.DHTxXAhC.css]
[ram.digitscpu.com/_astro-assets/DataVizGrid.astro_astro_type_script_index_0_lang.BOudtxrD.js]
[ram.digitscpu.com/_astro-assets/ai-bookkeeping-tile.Z5EnWsUJ_ZRXyoy.png]
[ram.digitscpu.com/_astro-assets/live-metrics-tile.rRoT1sy4_1iFpmt.png]
[ram.digitscpu.com/_astro-assets/interactive-reports-tile.Dz5oCt_a_Z1AcBAh.png]
[ram.digitscpu.com/_astro-assets/ai-bill-pay-tile.Cc_J2HzW_13JEoO.png]
[ram.digitscpu.com/_astro-assets/ai-invoicing-tile.mboEyESp_uKqsd.png]
[digits.com/partners/gusto-accountants/index.html]
[digits.com/_assets/downloads/beyond-the-hype-evaluating-llms-vs-digits-agl.html]
[digits.com/learn/cash-vs-accrual-accounting-whats-the-best-for-startups/index.html]
[digits.com/index6be4.html]
[digits.com/blog/announcing-connect-api-platform/index.html]
[digits.com/digits.com/blog/qualified-small-business-stock-founders-qsbs.html]
[digits.com/learn/accounting-vs-bookkeeping-whats-the-difference/index.html]
[digits.com/product/reports/index.html]
[digits.com/features/financials/index.html]
[digits.com/features/bookkeeping/index.html]
[digits.com/features/bill-pay/index.html]
[digits.com/index4b02.html]
[digits.com/learn/the-relationship-between-accountants-and-startups/index.html]
[digits.com/blog.1fc2b98.delayed]
[digits.com/developer/posts/deploying-llms-with-ease/index.html]
[digits.com/blog/basis-acquisition-announcement.1fd.delayed]
[digits.com/blog/posts/welcome-basis/index.html]
[digits.com/blog/index2b98.html]
[digits.com/blog/digits-joins-financial-data-exchange.1ff.delayed]
[digits.com/blog/posts/digits-joins-the-financial-data-exchange-fdx-to-strengthen-secure-data-access/index.html]
[digits.com/blog/announcing-connect-api-platform.201.delayed]
[digits.com/blog/posts/on-the-road-to-open-accounting-digits-announces-connect-api-platform/index.html]
[digits.com/blog/digits-achieves-soc-2-type-1.203.delayed]
[digits.com/blog/posts/digits-achieves-soc2-type1-compliance/index.html]
[digits.com/demo/index3de1.html]
[digits.com/blog/posts/bill-pay-made-brilliant/index.html]
[digits.com/blog/training-and-deploying-transformer-models.205.delayed]
[digits.com/developer/posts/training-and-deploying-state-of-the-art-transformer-models-at-digits/index.html]
[digits.com/blog/similarity-based-machine-learning-accounting.207.delayed]
[digits.com/developer/posts/assisting-accountants-with-similarity-based-machine-learning/index.html]
[digits.com/blog/google-next-24.209.delayed]
[digits.com/developer/posts/digits-at-google-next-24/index.html]
[digits.com/blog/google-io24.20b.delayed]
[digits.com/developer/posts/digits-at-google-io24/index.html]
[digits.com/bill-pay/index.html]
[digits.com/blog/guide-to-w9s/index.html]
[digits.com/features/dashboard/index.html]
[digits.com/reports/index.html]
[ram.digitscpu.com/_astro-assets/_slug_.BQpwmZdZ.css]
[ram.digitscpu.com/_astro-assets/_slug_.DzjbQtW2.css]
[digits.com/security/%252522https_/ram.digitscpu.com/_astro-assets/%2522https_/ram.digitscpu.com/_astro-assets/%22https_/ram.digitscpu.com/_astro-assets/security-hero-bg-100.B2PTG8nw_Z1L04js.html]
[digits.com/security/%252522https_/ram.digitscpu.com/_astro-assets/%2522https_/ram.digitscpu.com/_astro-assets/%22https_/ram.digitscpu.com/_astro-assets/shield.DW510vQR.html]
[ram.digitscpu.com/_astro-assets/_slug_.DHTxXAhC.css]
[digits.com/blog/index2b98.html]
[digits.com/security/%252522https_/ram.digitscpu.com/_astro-assets/%2522https_/ram.digitscpu.com/_astro-assets/%22https_/ram.digitscpu.com/_astro-assets/_https_/ram.digitscpu.com/_astro-assets/security-hero-bg-100.B2PT]
[digits.com/security/%252522https_/ram.digitscpu.com/_astro-assets/%2522https_/ram.digitscpu.com/_astro-assets/%22https_/ram.digitscpu.com/_astro-assets/_https_/ram.digitscpu.com/_astro-assets/security-hero-bg-100.B2PT]
[digits.com/security/%252522https_/ram.digitscpu.com/_astro-assets/%2522https_/ram.digitscpu.com/_astro-assets/%22https_/ram.digitscpu.com/_astro-assets/_https_/ram.digitscpu.com/_astro-assets/shield.DW510vQR.20e.delay]
[digits.com/security/%252522https_/ram.digitscpu.com/_astro-assets/%2522https_/ram.digitscpu.com/_astro-assets/%22https_/ram.digitscpu.com/_astro-assets/_https_/ram.digitscpu.com/_astro-assets/shield.DW510vQR.20e.delay]
[digits.com/security/%25252522https_/ram.digitscpu.com/_astro-assets/%252522https_/ram.digitscpu.com/_astro-assets/%2522https_/ram.digitscpu.com/_astro-assets/%22https_/ram.digitscpu.com/_astro-/security-hero-bg-100.B2]
[digits.com/security/%25252522https_/ram.digitscpu.com/_astro-assets/%252522https_/ram.digitscpu.com/_astro-assets/%2522https_/ram.digitscpu.com/_astro-assets/%22https_/ram.digitscpu.com/_astro-/security-hero-bg-100.B2]
[digits.com/security/%25252522https_/ram.digitscpu.com/_astro-assets/%252522https_/ram.digitscpu.com/_astro-assets/%2522https_/ram.digitscpu.com/_astro-assets/%22https_/ram.digitscpu.com/_astro-/shield.DW510vQR.25c.del]
[digits.com/security/%25252522https_/ram.digitscpu.com/_astro-assets/%252522https_/ram.digitscpu.com/_astro-assets/%2522https_/ram.digitscpu.com/_astro-assets/%22https_/ram.digitscpu.com/_astro-/shield.DW510vQR.25c.del]
[digits.com/security/%25252522https_/ram.digitscpu.com/_astro-assets/%252522https_/ram.digitscpu.com/_astro-assets/%2522https_/ram.digitscpu.com/_astro-assets/%22https_/ram.digitscpu.com/_astro-/shield.DW510vQR.25e.del]
[digits.com/security/%25252522https_/ram.digitscpu.com/_astro-assets/%252522https_/ram.digitscpu.com/_astro-assets/%2522https_/ram.digitscpu.com/_astro-assets/%22https_/ram.digitscpu.com/_astro-/security-hero-bg-101.B2]
[digits.com/security/%25252522https_/ram.digitscpu.com/_astro-assets/%252522https_/ram.digitscpu.com/_astro-assets/%2522https_/ram.digitscpu.com/_astro-assets/%22https_/ram.digitscpu.com/_astro-/security-hero-bg-101.B2]
[digits.com/security/%25252522https_/ram.digitscpu.com/_astro-assets/%252522https_/ram.digitscpu.com/_astro-assets/%2522https_/ram.digitscpu.com/_astro-assets/%22https_/ram.digitscpu.com/_astro-/shield.DW510vQR.25e.del]
[digits.com/security/%2525252522https_/ram.digitscpu.com/_astro-assets/%25252522https_/ram.digitscpu.com/_astro-assets/%252522https_/ram.digitscpu.com/_astro-assets/%2522https_/ram.digitscpu.com/shield.DW510vQR.260.del]
[digits.com/security/%2525252522https_/ram.digitscpu.com/_astro-assets/%25252522https_/ram.digitscpu.com/_astro-assets/%252522https_/ram.digitscpu.com/_astro-assets/%2522https_/ram.digitscpu.com/security-hero-bg-100.B2]
[digits.com/security/%2525252522https_/ram.digitscpu.com/_astro-assets/%25252522https_/ram.digitscpu.com/_astro-assets/%252522https_/ram.digitscpu.com/_astro-assets/%2522https_/ram.digitscpu.com/security-hero-bg-100.B2]
[digits.com/security/%2525252522https_/ram.digitscpu.com/_astro-assets/%25252522https_/ram.digitscpu.com/_astro-assets/%252522https_/ram.digitscpu.com/_astro-assets/%2522https_/ram.digitscpu.com/shield.DW510vQR.260.del]
[digits.com/security/%2525252522https_/ram.digitscpu.com/_astro-assets/%25252522https_/ram.digitscpu.com/_astro-assets/%252522https_/ram.digitscpu.com/_astro-assets/%2522https_/ram.digitscpu.com/shield.DW510vQR.262.del]
[digits.com/security/%2525252522https_/ram.digitscpu.com/_astro-assets/%25252522https_/ram.digitscpu.com/_astro-assets/%252522https_/ram.digitscpu.com/_astro-assets/%2522https_/ram.digitscpu.com/security-hero-bg-101.B2]
[digits.com/security/%2525252522https_/ram.digitscpu.com/_astro-assets/%25252522https_/ram.digitscpu.com/_astro-assets/%252522https_/ram.digitscpu.com/_astro-assets/%2522https_/ram.digitscpu.com/security-hero-bg-101.B2]
[digits.com/security/%2525252522https_/ram.digitscpu.com/_astro-assets/%25252522https_/ram.digitscpu.com/_astro-assets/%252522https_/ram.digitscpu.com/_astro-assets/%2522https_/ram.digitscpu.com/shield.DW510vQR.262.del]
[digits.com/security/%252525252522https_/ram.digitscpu.com/_astro-assets/%2525252522https_/ram.digitscpu.com/_astro-assets/%25252522https_/ram.digitscpu.com/_astro-assets/%252522https_/ram.digit/security-hero-bg-100.B2]
[digits.com/security/%252525252522https_/ram.digitscpu.com/_astro-assets/%2525252522https_/ram.digitscpu.com/_astro-assets/%25252522https_/ram.digitscpu.com/_astro-assets/%252522https_/ram.digit/security-hero-bg-100.B2]
[digits.com/security/%252525252522https_/ram.digitscpu.com/_astro-assets/%2525252522https_/ram.digitscpu.com/_astro-assets/%25252522https_/ram.digitscpu.com/_astro-assets/%252522https_/ram.digit/shield.DW510vQR.264.del]
[digits.com/security/%252525252522https_/ram.digitscpu.com/_astro-assets/%2525252522https_/ram.digitscpu.com/_astro-assets/%25252522https_/ram.digitscpu.com/_astro-assets/%252522https_/ram.digit/shield.DW510vQR.264.del]
[digits.com/security/%252525252522https_/ram.digitscpu.com/_astro-assets/%2525252522https_/ram.digitscpu.com/_astro-assets/%25252522https_/ram.digitscpu.com/_astro-assets/%252522https_/ram.digit/shield.DW510vQR.266.del]
[digits.com/security/%252525252522https_/ram.digitscpu.com/_astro-assets/%2525252522https_/ram.digitscpu.com/_astro-assets/%25252522https_/ram.digitscpu.com/_astro-assets/%252522https_/ram.digit/security-hero-bg-101.B2]
[digits.com/security/%252525252522https_/ram.digitscpu.com/_astro-assets/%2525252522https_/ram.digitscpu.com/_astro-assets/%25252522https_/ram.digitscpu.com/_astro-assets/%252522https_/ram.digit/security-hero-bg-101.B2]
[digits.com/security/%252525252522https_/ram.digitscpu.com/_astro-assets/%2525252522https_/ram.digitscpu.com/_astro-assets/%25252522https_/ram.digitscpu.com/_astro-assets/%252522https_/ram.digit/shield.DW510vQR.266.del]
[digits.com/security/%25252525252522https_/ram.digitscpu.com/_astro-assets/%252525252522https_/ram.digitscpu.com/_astro-assets/%2525252522https_/ram.digitscpu.com/_astro-assets/%25252522https_/r/shield.DW510vQR.268.del]
[digits.com/security/%25252525252522https_/ram.digitscpu.com/_astro-assets/%252525252522https_/ram.digitscpu.com/_astro-assets/%2525252522https_/ram.digitscpu.com/_astro-assets/%25252522https_/r/security-hero-bg-100.B2]
[digits.com/security/%25252525252522https_/ram.digitscpu.com/_astro-assets/%252525252522https_/ram.digitscpu.com/_astro-assets/%2525252522https_/ram.digitscpu.com/_astro-assets/%25252522https_/r/security-hero-bg-100.B2]
[digits.com/security/%25252525252522https_/ram.digitscpu.com/_astro-assets/%252525252522https_/ram.digitscpu.com/_astro-assets/%2525252522https_/ram.digitscpu.com/_astro-assets/%25252522https_/r/shield.DW510vQR.268.del]
[digits.com/security/%25252525252522https_/ram.digitscpu.com/_astro-assets/%252525252522https_/ram.digitscpu.com/_astro-assets/%2525252522https_/ram.digitscpu.com/_astro-assets/%25252522https_/r/shield.DW510vQR.26a.del]
[digits.com/security/%25252525252522https_/ram.digitscpu.com/_astro-assets/%252525252522https_/ram.digitscpu.com/_astro-assets/%2525252522https_/ram.digitscpu.com/_astro-assets/%25252522https_/r/security-hero-bg-101.B2]
[digits.com/security/%25252525252522https_/ram.digitscpu.com/_astro-assets/%252525252522https_/ram.digitscpu.com/_astro-assets/%2525252522https_/ram.digitscpu.com/_astro-assets/%25252522https_/r/security-hero-bg-101.B2]
[digits.com/security/%25252525252522https_/ram.digitscpu.com/_astro-assets/%252525252522https_/ram.digitscpu.com/_astro-assets/%2525252522https_/ram.digitscpu.com/_astro-assets/%25252522https_/r/shield.DW510vQR.26a.del]
[digits.com/security/%2525252525252522https_/ram.digitscpu.com/_astro-assets/%25252525252522https_/ram.digitscpu.com/_astro-assets/%252525252522https_/ram.digitscpu.com/_astro-assets/%2525252522/shield.DW510vQR.26c.del]
[digits.com/security/%2525252525252522https_/ram.digitscpu.com/_astro-assets/%25252525252522https_/ram.digitscpu.com/_astro-assets/%252525252522https_/ram.digitscpu.com/_astro-assets/%2525252522/security-hero-bg-100.B2]
[digits.com/security/%2525252525252522https_/ram.digitscpu.com/_astro-assets/%25252525252522https_/ram.digitscpu.com/_astro-assets/%252525252522https_/ram.digitscpu.com/_astro-assets/%2525252522/security-hero-bg-100.B2]
[digits.com/security/%2525252525252522https_/ram.digitscpu.com/_astro-assets/%25252525252522https_/ram.digitscpu.com/_astro-assets/%252525252522https_/ram.digitscpu.com/_astro-assets/%2525252522/shield.DW510vQR.26c.del]
[digits.com/security/%2525252525252522https_/ram.digitscpu.com/_astro-assets/%25252525252522https_/ram.digitscpu.com/_astro-assets/%252525252522https_/ram.digitscpu.com/_astro-assets/%2525252522/security-hero-bg-101.B2]
[digits.com/security/%2525252525252522https_/ram.digitscpu.com/_astro-assets/%25252525252522https_/ram.digitscpu.com/_astro-assets/%252525252522https_/ram.digitscpu.com/_astro-assets/%2525252522/security-hero-bg-101.B2]
[digits.com/security/%2525252525252522https_/ram.digitscpu.com/_astro-assets/%25252525252522https_/ram.digitscpu.com/_astro-assets/%252525252522https_/ram.digitscpu.com/_astro-assets/%2525252522/shield.DW510vQR.26e.del]
[digits.com/security/%2525252525252522https_/ram.digitscpu.com/_astro-assets/%25252525252522https_/ram.digitscpu.com/_astro-assets/%252525252522https_/ram.digitscpu.com/_astro-assets/%2525252522/shield.DW510vQR.26e.del]
[digits.com/security/%252525252525252522https_/ram.digitscpu.com/_astro-assets/%2525252525252522https_/ram.digitscpu.com/_astro-assets/%25252525252522https_/ram.digitscpu.com/_astro-assets/%2525/security-hero-bg-100.B2]
[digits.com/security/%252525252525252522https_/ram.digitscpu.com/_astro-assets/%2525252525252522https_/ram.digitscpu.com/_astro-assets/%25252525252522https_/ram.digitscpu.com/_astro-assets/%2525/security-hero-bg-100.B2]
[digits.com/security/%252525252525252522https_/ram.digitscpu.com/_astro-assets/%2525252525252522https_/ram.digitscpu.com/_astro-assets/%25252525252522https_/ram.digitscpu.com/_astro-assets/%2525/shield.DW510vQR.270.del]
[digits.com/security/%252525252525252522https_/ram.digitscpu.com/_astro-assets/%2525252525252522https_/ram.digitscpu.com/_astro-assets/%25252525252522https_/ram.digitscpu.com/_astro-assets/%2525/shield.DW510vQR.270.del]
[digits.com/security/%252525252525252522https_/ram.digitscpu.com/_astro-assets/%2525252525252522https_/ram.digitscpu.com/_astro-assets/%25252525252522https_/ram.digitscpu.com/_astro-assets/%2525/security-hero-bg-101.B2]
[digits.com/security/%252525252525252522https_/ram.digitscpu.com/_astro-assets/%2525252525252522https_/ram.digitscpu.com/_astro-assets/%25252525252522https_/ram.digitscpu.com/_astro-assets/%2525/security-hero-bg-101.B2]
[digits.com/security/%252525252525252522https_/ram.digitscpu.com/_astro-assets/%2525252525252522https_/ram.digitscpu.com/_astro-assets/%25252525252522https_/ram.digitscpu.com/_astro-assets/%2525/shield.DW510vQR.272.del]
[digits.com/security/%252525252525252522https_/ram.digitscpu.com/_astro-assets/%2525252525252522https_/ram.digitscpu.com/_astro-assets/%25252525252522https_/ram.digitscpu.com/_astro-assets/%2525/shield.DW510vQR.272.del]
[digits.com/security/%25252525252525252522https_/ram.digitscpu.com/_astro-assets/%252525252525252522https_/ram.digitscpu.com/_astro-assets/%2525252525252522https_/ram.digitscpu.com/_astro-assets/security-hero-bg-100.B2]
[digits.com/security/%25252525252525252522https_/ram.digitscpu.com/_astro-assets/%252525252525252522https_/ram.digitscpu.com/_astro-assets/%2525252525252522https_/ram.digitscpu.com/_astro-assets/security-hero-bg-100.B2]
[digits.com/security/%25252525252525252522https_/ram.digitscpu.com/_astro-assets/%252525252525252522https_/ram.digitscpu.com/_astro-assets/%2525252525252522https_/ram.digitscpu.com/_astro-assets/shield.DW510vQR.274.del]
[digits.com/security/%25252525252525252522https_/ram.digitscpu.com/_astro-assets/%252525252525252522https_/ram.digitscpu.com/_astro-assets/%2525252525252522https_/ram.digitscpu.com/_astro-assets/shield.DW510vQR.274.del]
[digits.com/security/%25252525252525252522https_/ram.digitscpu.com/_astro-assets/%252525252525252522https_/ram.digitscpu.com/_astro-assets/%2525252525252522https_/ram.digitscpu.com/_astro-assets/security-hero-bg-101.B2]
[digits.com/security/%25252525252525252522https_/ram.digitscpu.com/_astro-assets/%252525252525252522https_/ram.digitscpu.com/_astro-assets/%2525252525252522https_/ram.digitscpu.com/_astro-assets/security-hero-bg-101.B2]
[digits.com/security/%25252525252525252522https_/ram.digitscpu.com/_astro-assets/%252525252525252522https_/ram.digitscpu.com/_astro-assets/%2525252525252522https_/ram.digitscpu.com/_astro-assets/shield.DW510vQR.276.del]
[digits.com/security/%25252525252525252522https_/ram.digitscpu.com/_astro-assets/%252525252525252522https_/ram.digitscpu.com/_astro-assets/%2525252525252522https_/ram.digitscpu.com/_astro-assets/shield.DW510vQR.276.del]
[digits.com/security/%2525252525252525252522https_/ram.digitscpu.com/_astro-assets/%25252525252525252522https_/ram.digitscpu.com/_astro-assets/%252525252525252522https_/ram.digitscpu.com/_astro-/shield.DW510vQR.278.del]
[digits.com/security/%2525252525252525252522https_/ram.digitscpu.com/_astro-assets/%25252525252525252522https_/ram.digitscpu.com/_astro-assets/%252525252525252522https_/ram.digitscpu.com/_astro-/security-hero-bg-100.B2]
[digits.com/security/%2525252525252525252522https_/ram.digitscpu.com/_astro-assets/%25252525252525252522https_/ram.digitscpu.com/_astro-assets/%252525252525252522https_/ram.digitscpu.com/_astro-/security-hero-bg-100.B2]
[digits.com/security/%2525252525252525252522https_/ram.digitscpu.com/_astro-assets/%25252525252525252522https_/ram.digitscpu.com/_astro-assets/%252525252525252522https_/ram.digitscpu.com/_astro-/shield.DW510vQR.278.del]
[digits.com/security/%2525252525252525252522https_/ram.digitscpu.com/_astro-assets/%25252525252525252522https_/ram.digitscpu.com/_astro-assets/%252525252525252522https_/ram.digitscpu.com/_astro-/security-hero-bg-101.B2]
[digits.com/security/%2525252525252525252522https_/ram.digitscpu.com/_astro-assets/%25252525252525252522https_/ram.digitscpu.com/_astro-assets/%252525252525252522https_/ram.digitscpu.com/_astro-/security-hero-bg-101.B2]
[digits.com/security/%2525252525252525252522https_/ram.digitscpu.com/_astro-assets/%25252525252525252522https_/ram.digitscpu.com/_astro-assets/%252525252525252522https_/ram.digitscpu.com/_astro-/shield.DW510vQR.27a.del]
[digits.com/security/%2525252525252525252522https_/ram.digitscpu.com/_astro-assets/%25252525252525252522https_/ram.digitscpu.com/_astro-assets/%252525252525252522https_/ram.digitscpu.com/_astro-/shield.DW510vQR.27a.del]
[digits.com/security/%252525252525252525252522https_/ram.digitscpu.com/_astro-assets/%2525252525252525252522https_/ram.digitscpu.com/_astro-assets/%25252525252525252522https_/ram.digitscpu.com/_/security-hero-bg-100.B2]
[digits.com/security/%252525252525252525252522https_/ram.digitscpu.com/_astro-assets/%2525252525252525252522https_/ram.digitscpu.com/_astro-assets/%25252525252525252522https_/ram.digitscpu.com/_/security-hero-bg-100.B2]
[digits.com/security/%252525252525252525252522https_/ram.digitscpu.com/_astro-assets/%2525252525252525252522https_/ram.digitscpu.com/_astro-assets/%25252525252525252522https_/ram.digitscpu.com/_/shield.DW510vQR.27c.del]
[digits.com/security/%252525252525252525252522https_/ram.digitscpu.com/_astro-assets/%2525252525252525252522https_/ram.digitscpu.com/_astro-assets/%25252525252525252522https_/ram.digitscpu.com/_/shield.DW510vQR.27c.del]
[digits.com/security/%252525252525252525252522https_/ram.digitscpu.com/_astro-assets/%2525252525252525252522https_/ram.digitscpu.com/_astro-assets/%25252525252525252522https_/ram.digitscpu.com/_/shield.DW510vQR.27e.del]
[digits.com/security/%252525252525252525252522https_/ram.digitscpu.com/_astro-assets/%2525252525252525252522https_/ram.digitscpu.com/_astro-assets/%25252525252525252522https_/ram.digitscpu.com/_/security-hero-bg-101.B2]
[digits.com/security/%252525252525252525252522https_/ram.digitscpu.com/_astro-assets/%2525252525252525252522https_/ram.digitscpu.com/_astro-assets/%25252525252525252522https_/ram.digitscpu.com/_/security-hero-bg-101.B2]
[digits.com/security/%252525252525252525252522https_/ram.digitscpu.com/_astro-assets/%2525252525252525252522https_/ram.digitscpu.com/_astro-assets/%25252525252525252522https_/ram.digitscpu.com/_/shield.DW510vQR.27e.del]
[digits.com/security/%25252525252525252525252522https_/ram.digitscpu.com/_astro-assets/%252525252525252525252522https_/ram.digitscpu.com/_astro-assets/%2525252525252525252522https_/ram.digitscpu/security-hero-bg-100.B2]
[digits.com/security/%25252525252525252525252522https_/ram.digitscpu.com/_astro-assets/%252525252525252525252522https_/ram.digitscpu.com/_astro-assets/%2525252525252525252522https_/ram.digitscpu/security-hero-bg-100.B2]
[digits.com/security/%25252525252525252525252522https_/ram.digitscpu.com/_astro-assets/%252525252525252525252522https_/ram.digitscpu.com/_astro-assets/%2525252525252525252522https_/ram.digitscpu/shield.DW510vQR.280.del]
[digits.com/security/%25252525252525252525252522https_/ram.digitscpu.com/_astro-assets/%252525252525252525252522https_/ram.digitscpu.com/_astro-assets/%2525252525252525252522https_/ram.digitscpu/shield.DW510vQR.280.del]
[digits.com/security/%25252525252525252525252522https_/ram.digitscpu.com/_astro-assets/%252525252525252525252522https_/ram.digitscpu.com/_astro-assets/%2525252525252525252522https_/ram.digitscpu/shield.DW510vQR.282.del]
[digits.com/security/%25252525252525252525252522https_/ram.digitscpu.com/_astro-assets/%252525252525252525252522https_/ram.digitscpu.com/_astro-assets/%2525252525252525252522https_/ram.digitscpu/security-hero-bg-101.B2]
[digits.com/security/%25252525252525252525252522https_/ram.digitscpu.com/_astro-assets/%252525252525252525252522https_/ram.digitscpu.com/_astro-assets/%2525252525252525252522https_/ram.digitscpu/security-hero-bg-101.B2]
[digits.com/security/%25252525252525252525252522https_/ram.digitscpu.com/_astro-assets/%252525252525252525252522https_/ram.digitscpu.com/_astro-assets/%2525252525252525252522https_/ram.digitscpu/shield.DW510vQR.282.del]
[digits.com/security/%2525252525252525252525252522https_/ram.digitscpu.com/_astro-assets/%25252525252525252525252522https_/ram.digitscpu.com/_astro-assets/%252525252525252525252522https_/ram.dig/security-hero-bg-100.B2]
[digits.com/security/%2525252525252525252525252522https_/ram.digitscpu.com/_astro-assets/%25252525252525252525252522https_/ram.digitscpu.com/_astro-assets/%252525252525252525252522https_/ram.dig/security-hero-bg-100.B2]
[digits.com/security/%2525252525252525252525252522https_/ram.digitscpu.com/_astro-assets/%25252525252525252525252522https_/ram.digitscpu.com/_astro-assets/%252525252525252525252522https_/ram.dig/shield.DW510vQR.284.del]
[digits.com/security/%2525252525252525252525252522https_/ram.digitscpu.com/_astro-assets/%25252525252525252525252522https_/ram.digitscpu.com/_astro-assets/%252525252525252525252522https_/ram.dig/shield.DW510vQR.284.del]
[digits.com/security/%2525252525252525252525252522https_/ram.digitscpu.com/_astro-assets/%25252525252525252525252522https_/ram.digitscpu.com/_astro-assets/%252525252525252525252522https_/ram.dig/shield.DW510vQR.286.del]
[digits.com/security/%2525252525252525252525252522https_/ram.digitscpu.com/_astro-assets/%25252525252525252525252522https_/ram.digitscpu.com/_astro-assets/%252525252525252525252522https_/ram.dig/security-hero-bg-101.B2]
[digits.com/security/%2525252525252525252525252522https_/ram.digitscpu.com/_astro-assets/%25252525252525252525252522https_/ram.digitscpu.com/_astro-assets/%252525252525252525252522https_/ram.dig/security-hero-bg-101.B2]
[digits.com/security/%2525252525252525252525252522https_/ram.digitscpu.com/_astro-assets/%25252525252525252525252522https_/ram.digitscpu.com/_astro-assets/%252525252525252525252522https_/ram.dig/shield.DW510vQR.286.del]
[digits.com/security/%252525252525252525252525252522https_/ram.digitscpu.com/_astro-assets/%2525252525252525252525252522https_/ram.digitscpu.com/_astro-assets/%25252525252525252525252522https_/r/shield.DW510vQR.288.del]
[digits.com/security/%252525252525252525252525252522https_/ram.digitscpu.com/_astro-assets/%2525252525252525252525252522https_/ram.digitscpu.com/_astro-assets/%25252525252525252525252522https_/r/security-hero-bg-100.B2]
[digits.com/security/%252525252525252525252525252522https_/ram.digitscpu.com/_astro-assets/%2525252525252525252525252522https_/ram.digitscpu.com/_astro-assets/%25252525252525252525252522https_/r/security-hero-bg-100.B2]
[digits.com/security/%252525252525252525252525252522https_/ram.digitscpu.com/_astro-assets/%2525252525252525252525252522https_/ram.digitscpu.com/_astro-assets/%25252525252525252525252522https_/r/shield.DW510vQR.288.del]
[digits.com/security/%252525252525252525252525252522https_/ram.digitscpu.com/_astro-assets/%2525252525252525252525252522https_/ram.digitscpu.com/_astro-assets/%25252525252525252525252522https_/r/security-hero-bg-101.B2]
[digits.com/security/%252525252525252525252525252522https_/ram.digitscpu.com/_astro-assets/%2525252525252525252525252522https_/ram.digitscpu.com/_astro-assets/%25252525252525252525252522https_/r/security-hero-bg-101.B2]
[digits.com/security/%252525252525252525252525252522https_/ram.digitscpu.com/_astro-assets/%2525252525252525252525252522https_/ram.digitscpu.com/_astro-assets/%25252525252525252525252522https_/r/shield.DW510vQR.28a.del]
[digits.com/security/%252525252525252525252525252522https_/ram.digitscpu.com/_astro-assets/%2525252525252525252525252522https_/ram.digitscpu.com/_astro-assets/%25252525252525252525252522https_/r/shield.DW510vQR.28a.del]
[digits.com/security/%25252525252525252525252525252522https_/ram.digitscpu.com/_astro-assets/%252525252525252525252525252522https_/ram.digitscpu.com/_astro-assets/%2525252525252525252525252522ht/security-hero-bg-100.B2]
[digits.com/security/%25252525252525252525252525252522https_/ram.digitscpu.com/_astro-assets/%252525252525252525252525252522https_/ram.digitscpu.com/_astro-assets/%2525252525252525252525252522ht/security-hero-bg-100.B2]
[digits.com/security/%25252525252525252525252525252522https_/ram.digitscpu.com/_astro-assets/%252525252525252525252525252522https_/ram.digitscpu.com/_astro-assets/%2525252525252525252525252522ht/shield.DW510vQR.28c.del]
[digits.com/security/%25252525252525252525252525252522https_/ram.digitscpu.com/_astro-assets/%252525252525252525252525252522https_/ram.digitscpu.com/_astro-assets/%2525252525252525252525252522ht/shield.DW510vQR.28c.del]
[digits.com/security/%25252525252525252525252525252522https_/ram.digitscpu.com/_astro-assets/%252525252525252525252525252522https_/ram.digitscpu.com/_astro-assets/%2525252525252525252525252522ht/shield.DW510vQR.28d.del]
[digits.com/security/%25252525252525252525252525252522https_/ram.digitscpu.com/_astro-assets/%252525252525252525252525252522https_/ram.digitscpu.com/_astro-assets/%2525252525252525252525252522ht/shield.DW510vQR.28d.del]
